Component: ARM Compiler 5.06 update 7 (build 960) Tool: armlink [4d3601]

==============================================================================

Section Cross References

    startup_stm32g431xx.o(RESET) refers to startup_stm32g431xx.o(STACK) for __initial_sp
    startup_stm32g431xx.o(RESET) refers to startup_stm32g431xx.o(.text) for Reset_Handler
    startup_stm32g431xx.o(RESET) refers to stm32g4xx_it.o(i.NMI_Handler) for NMI_Handler
    startup_stm32g431xx.o(RESET) refers to stm32g4xx_it.o(i.HardFault_Handler) for HardFault_Handler
    startup_stm32g431xx.o(RESET) refers to stm32g4xx_it.o(i.MemManage_Handler) for MemManage_Handler
    startup_stm32g431xx.o(RESET) refers to stm32g4xx_it.o(i.BusFault_Handler) for BusFault_Handler
    startup_stm32g431xx.o(RESET) refers to stm32g4xx_it.o(i.UsageFault_Handler) for UsageFault_Handler
    startup_stm32g431xx.o(RESET) refers to stm32g4xx_it.o(i.SVC_Handler) for SVC_Handler
    startup_stm32g431xx.o(RESET) refers to stm32g4xx_it.o(i.DebugMon_Handler) for DebugMon_Handler
    startup_stm32g431xx.o(RESET) refers to stm32g4xx_it.o(i.PendSV_Handler) for PendSV_Handler
    startup_stm32g431xx.o(RESET) refers to stm32g4xx_it.o(i.SysTick_Handler) for SysTick_Handler
    startup_stm32g431xx.o(RESET) refers to stm32g4xx_it.o(i.ADC1_2_IRQHandler) for ADC1_2_IRQHandler
    startup_stm32g431xx.o(RESET) refers to stm32g4xx_it.o(i.TIM2_IRQHandler) for TIM2_IRQHandler
    startup_stm32g431xx.o(RESET) refers to stm32g4xx_it.o(i.TIM4_IRQHandler) for TIM4_IRQHandler
    startup_stm32g431xx.o(RESET) refers to stm32g4xx_it.o(i.USART1_IRQHandler) for USART1_IRQHandler
    startup_stm32g431xx.o(RESET) refers to stm32g4xx_it.o(i.USART2_IRQHandler) for USART2_IRQHandler
    startup_stm32g431xx.o(.text) refers to system_stm32g4xx.o(i.SystemInit) for SystemInit
    startup_stm32g431xx.o(.text) refers to entry.o(.ARM.Collect$$$$00000000) for __main
    i2c_hal.o(i.I2CInit) refers to memseta.o(.text) for __aeabi_memclr4
    i2c_hal.o(i.I2CInit) refers to stm32g4xx_hal_gpio.o(i.HAL_GPIO_Init) for HAL_GPIO_Init
    i2c_hal.o(i.I2CReceiveByte) refers to i2c_hal.o(i.SDA_Input_Mode) for SDA_Input_Mode
    i2c_hal.o(i.I2CReceiveByte) refers to i2c_hal.o(i.SCL_Output) for SCL_Output
    i2c_hal.o(i.I2CReceiveByte) refers to i2c_hal.o(i.delay1) for delay1
    i2c_hal.o(i.I2CReceiveByte) refers to i2c_hal.o(i.SDA_Input) for SDA_Input
    i2c_hal.o(i.I2CReceiveByte) refers to i2c_hal.o(i.SDA_Output_Mode) for SDA_Output_Mode
    i2c_hal.o(i.I2CSendAck) refers to i2c_hal.o(i.SDA_Output) for SDA_Output
    i2c_hal.o(i.I2CSendAck) refers to i2c_hal.o(i.delay1) for delay1
    i2c_hal.o(i.I2CSendAck) refers to i2c_hal.o(i.SCL_Output) for SCL_Output
    i2c_hal.o(i.I2CSendByte) refers to i2c_hal.o(i.SCL_Output) for SCL_Output
    i2c_hal.o(i.I2CSendByte) refers to i2c_hal.o(i.delay1) for delay1
    i2c_hal.o(i.I2CSendByte) refers to i2c_hal.o(i.SDA_Output) for SDA_Output
    i2c_hal.o(i.I2CSendNotAck) refers to i2c_hal.o(i.SDA_Output) for SDA_Output
    i2c_hal.o(i.I2CSendNotAck) refers to i2c_hal.o(i.delay1) for delay1
    i2c_hal.o(i.I2CSendNotAck) refers to i2c_hal.o(i.SCL_Output) for SCL_Output
    i2c_hal.o(i.I2CStart) refers to i2c_hal.o(i.SDA_Output) for SDA_Output
    i2c_hal.o(i.I2CStart) refers to i2c_hal.o(i.delay1) for delay1
    i2c_hal.o(i.I2CStart) refers to i2c_hal.o(i.SCL_Output) for SCL_Output
    i2c_hal.o(i.I2CStop) refers to i2c_hal.o(i.SCL_Output) for SCL_Output
    i2c_hal.o(i.I2CStop) refers to i2c_hal.o(i.delay1) for delay1
    i2c_hal.o(i.I2CStop) refers to i2c_hal.o(i.SDA_Output) for SDA_Output
    i2c_hal.o(i.I2CWaitAck) refers to i2c_hal.o(i.SDA_Input_Mode) for SDA_Input_Mode
    i2c_hal.o(i.I2CWaitAck) refers to i2c_hal.o(i.delay1) for delay1
    i2c_hal.o(i.I2CWaitAck) refers to i2c_hal.o(i.SCL_Output) for SCL_Output
    i2c_hal.o(i.I2CWaitAck) refers to i2c_hal.o(i.SDA_Input) for SDA_Input
    i2c_hal.o(i.I2CWaitAck) refers to i2c_hal.o(i.SDA_Output_Mode) for SDA_Output_Mode
    i2c_hal.o(i.I2CWaitAck) refers to i2c_hal.o(i.I2CStop) for I2CStop
    i2c_hal.o(i.SDA_Input) refers to stm32g4xx_hal_gpio.o(i.HAL_GPIO_ReadPin) for HAL_GPIO_ReadPin
    i2c_hal.o(i.SDA_Input_Mode) refers to memseta.o(.text) for __aeabi_memclr4
    i2c_hal.o(i.SDA_Input_Mode) refers to stm32g4xx_hal_gpio.o(i.HAL_GPIO_Init) for HAL_GPIO_Init
    i2c_hal.o(i.SDA_Output_Mode) refers to memseta.o(.text) for __aeabi_memclr4
    i2c_hal.o(i.SDA_Output_Mode) refers to stm32g4xx_hal_gpio.o(i.HAL_GPIO_Init) for HAL_GPIO_Init
    i2c_hal.o(i.iic_read) refers to i2c_hal.o(i.I2CStart) for I2CStart
    i2c_hal.o(i.iic_read) refers to i2c_hal.o(i.I2CSendByte) for I2CSendByte
    i2c_hal.o(i.iic_read) refers to i2c_hal.o(i.I2CWaitAck) for I2CWaitAck
    i2c_hal.o(i.iic_read) refers to i2c_hal.o(i.I2CReceiveByte) for I2CReceiveByte
    i2c_hal.o(i.iic_read) refers to i2c_hal.o(i.I2CSendAck) for I2CSendAck
    i2c_hal.o(i.iic_read) refers to i2c_hal.o(i.I2CSendNotAck) for I2CSendNotAck
[...]
    cdrcmple.s                               0x00000000   Number         0  cdrcmple.o ABSOLUTE
    dc.s                                     0x00000000   Number         0  dc.o ABSOLUTE
    handlers.s                               0x00000000   Number         0  handlers.o ABSOLUTE
    init.s                                   0x00000000   Number         0  init.o ABSOLUTE
    startup_stm32g431xx.s                    0x00000000   Number         0  startup_stm32g431xx.o ABSOLUTE
    RESET                                    0x08000000   Section      472  startup_stm32g431xx.o(RESET)
    .ARM.Collect$$$$00000000                 0x080001d8   Section        0  entry.o(.ARM.Collect$$$$00000000)
    .ARM.Collect$$$$00000001                 0x080001d8   Section        4  entry2.o(.ARM.Collect$$$$00000001)
    .ARM.Collect$$$$00000004                 0x080001dc   Section        4  entry5.o(.ARM.Collect$$$$00000004)
    .ARM.Collect$$$$00000008                 0x080001e0   Section        0  entry7b.o(.ARM.Collect$$$$00000008)
    .ARM.Collect$$$$0000000A                 0x080001e0   Section        0  entry8b.o(.ARM.Collect$$$$0000000A)
    .ARM.Collect$$$$0000000B                 0x080001e0   Section        8  entry9a.o(.ARM.Collect$$$$0000000B)
    .ARM.Collect$$$$0000000E                 0x080001e8   Section        4  entry12b.o(.ARM.Collect$$$$0000000E)
    .ARM.Collect$$$$0000000F                 0x080001ec   Section        0  entry10a.o(.ARM.Collect$$$$0000000F)
    .ARM.Collect$$$$00000011                 0x080001ec   Section        0  entry11a.o(.ARM.Collect$$$$00000011)
    .ARM.Collect$$$$00002712                 0x080001ec   Section        4  entry2.o(.ARM.Collect$$$$00002712)
    __lit__00000000                          0x080001ec   Data           4  entry2.o(.ARM.Collect$$$$00002712)
    .text                                    0x080001f0   Section       36  startup_stm32g431xx.o(.text)
    $v0                                      0x080001f0   Number         0  startup_stm32g431xx.o(.text)
    .text                                    0x08000214   Section        0  uldiv.o(.text)
    .text                                    0x08000276   Section        0  memseta.o(.text)
    .text                                    0x0800029a   Section        0  strlen.o(.text)
    .text                                    0x080002a8   Section        0  dmul.o(.text)
    .text                                    0x0800038c   Section        0  dfltui.o(.text)
    .text                                    0x080003a6   Section        0  f2d.o(.text)
    .text                                    0x080003cc   Section        0  d2f.o(.text)
    .text                                    0x08000404   Section        0  uidiv.o(.text)
    .text                                    0x08000430   Section        0  llshl.o(.text)
    .text                                    0x0800044e   Section        0  llushr.o(.text)
    .text                                    0x0800046e   Section        0  fepilogue.o(.text)
    .text                                    0x0800046e   Section        0  iusefp.o(.text)
    .text                                    0x080004dc   Section        0  depilogue.o(.text)
    .text                                    0x08000596   Section        0  dadd.o(.text)
    .text                                    0x080006e4   Section        0  ddiv.o(.text)
    .text                                    0x080007c2   Section        0  dfixul.o(.text)
    .text                                    0x080007f4   Section       48  cdrcmple.o(.text)
    .text                                    0x08000824   Section       36  init.o(.text)
    .text                                    0x08000848   Section        0  llsshr.o(.text)
    i.ADC1_2_IRQHandler                      0x0800086c   Section        0  stm32g4xx_it.o(i.ADC1_2_IRQHandler)
    i.ADC_Enable                             0x08000878   Section        0  stm32g4xx_hal_adc.o(i.ADC_Enable)
    i.BusFault_Handler                       0x08000914   Section        0  stm32g4xx_it.o(i.BusFault_Handler)
    i.DebugMon_Handler                       0x08000916   Section        0  stm32g4xx_it.o(i.DebugMon_Handler)
    i.Delay_LCD                              0x08000918   Section        0  lcd.o(i.Delay_LCD)
    i.Error_Handler                          0x08000934   Section        0  main.o(i.Error_Handler)
    i.HAL_ADCEx_EndOfSamplingCallback        0x08000938   Section        0  stm32g4xx_hal_adc_ex.o(i.HAL_ADCEx_EndOfSamplingCallback)
    i.HAL_ADCEx_InjectedConvCpltCallback     0x0800093a   Section        0  stm32g4xx_hal_adc_ex.o(i.HAL_ADCEx_InjectedConvCpltCallback)
    i.HAL_ADCEx_InjectedQueueOverflowCallback 0x0800093c   Section        0  stm32g4xx_hal_adc_ex.o(i.HAL_ADCEx_InjectedQueueOverflowCallback)
    i.HAL_ADCEx_LevelOutOfWindow2Callback    0x0800093e   Section        0  stm32g4xx_hal_adc_ex.o(i.HAL_ADCEx_LevelOutOfWindow2Callback)
    i.HAL_ADCEx_LevelOutOfWindow3Callback    0x08000940   Section        0  stm32g4xx_hal_adc_ex.o(i.HAL_ADCEx_LevelOutOfWindow3Callback)
    i.HAL_ADCEx_MultiModeConfigChannel       0x08000944   Section        0  stm32g4xx_hal_adc_ex.o(i.HAL_ADCEx_MultiModeConfigChannel)
    i.HAL_ADC_ConfigChannel                  0x08000a30   Section        0  stm32g4xx_hal_adc.o(i.HAL_ADC_ConfigChannel)
    i.HAL_ADC_ConvCpltCallback               0x08000f40   Section        0  stm32g4xx_hal_adc.o(i.HAL_ADC_ConvCpltCallback)
    i.HAL_ADC_ErrorCallback                  0x08000f42   Section        0  stm32g4xx_hal_adc.o(i.HAL_ADC_ErrorCallback)
    i.HAL_ADC_GetValue                       0x08000f44   Section        0  stm32g4xx_hal_adc.o(i.HAL_ADC_GetValue)
    i.HAL_ADC_IRQHandler                     0x08000f4c   Section        0  stm32g4xx_hal_adc.o(i.HAL_ADC_IRQHandler)
    i.HAL_ADC_Init                           0x08001220   Section        0  stm32g4xx_hal_adc.o(i.HAL_ADC_Init)
    i.HAL_ADC_LevelOutOfWindowCallback       0x08001430   Section        0  stm32g4xx_hal_adc.o(i.HAL_ADC_LevelOutOfWindowCallback)
    i.HAL_ADC_MspInit                        0x08001434   Section        0  adc.o(i.HAL_ADC_MspInit)
    i.HAL_ADC_Start                          0x080014a0   Section        0  stm32g4xx_hal_adc.o(i.HAL_ADC_Start)
    i.HAL_DMA_Abort                          0x080015a4   Section        0  stm32g4xx_hal_dma.o(i.HAL_DMA_Abort)
    i.HAL_DMA_Abort_IT                       0x08001628   Section        0  stm32g4xx_hal_dma.o(i.HAL_DMA_Abort_IT)
    i.HAL_Delay                              0x080016bc   Section        0  stm32g4xx_hal.o(i.HAL_Delay)
    i.HAL_GPIO_Init                          0x080016e4   Section        0  stm32g4xx_hal_gpio.o(i.HAL_GPIO_Init)
    i.HAL_GPIO_ReadPin                       0x08001924   Section        0  stm32g4xx_hal_gpio.o(i.HAL_GPIO_ReadPin)
    i.HAL_GPIO_WritePin                      0x08001932   Section        0  stm32g4xx_hal_gpio.o(i.HAL_GPIO_WritePin)
    i.HAL_GetTick                            0x08001940   Section        0  stm32g4xx_hal.o(i.HAL_GetTick)
    i.HAL_IncTick                            0x0800194c   Section        0  stm32g4xx_hal.o(i.HAL_IncTick)
    i.HAL_Init                               0x0800195c   Section        0  stm32g4xx_hal.o(i.HAL_Init)
    i.HAL_InitTick                           0x0800197c   Section        0  stm32g4xx_hal.o(i.HAL_InitTick)
    i.HAL_MspInit                            0x080019c8   Section        0  stm32g4xx_hal_msp.o(i.HAL_MspInit)
    i.HAL_NVIC_EnableIRQ                     0x08001a00   Section        0  stm32g4xx_hal_cortex.o(i.HAL_NVIC_EnableIRQ)
    i.HAL_NVIC_SetPriority                   0x08001a1c   Section        0  stm32g4xx_hal_cortex.o(i.HAL_NVIC_SetPriority)
    i.HAL_NVIC_SetPriorityGrouping           0x08001a84   Section        0  stm32g4xx_hal_cortex.o(i.HAL_NVIC_SetPriorityGrouping)
    i.HAL_PWREx_ControlVoltageScaling        0x08001aa8   Section        0  stm32g4xx_hal_pwr_ex.o(i.HAL_PWREx_ControlVoltageScaling)
    i.HAL_PWREx_DisableUCPDDeadBattery       0x08001b84   Section        0  stm32g4xx_hal_pwr_ex.o(i.HAL_PWREx_DisableUCPDDeadBattery)
    i.HAL_RCCEx_PeriphCLKConfig              0x08001b94   Section        0  stm32g4xx_hal_rcc_ex.o(i.HAL_RCCEx_PeriphCLKConfig)
    i.HAL_RCC_CSSCallback                    0x08001e6c   Section        0  stm32g4xx_hal_rcc.o(i.HAL_RCC_CSSCallback)
    i.HAL_RCC_ClockConfig                    0x08001e70   Section        0  stm32g4xx_hal_rcc.o(i.HAL_RCC_ClockConfig)
    i.HAL_RCC_EnableCSS                      0x08002074   Section        0  stm32g4xx_hal_rcc.o(i.HAL_RCC_EnableCSS)
    i.HAL_RCC_GetHCLKFreq                    0x08002084   Section        0  stm32g4xx_hal_rcc.o(i.HAL_RCC_GetHCLKFreq)
    i.HAL_RCC_GetPCLK1Freq                   0x08002090   Section        0  stm32g4xx_hal_rcc.o(i.HAL_RCC_GetPCLK1Freq)
    i.HAL_RCC_GetPCLK2Freq                   0x080020b4   Section        0  stm32g4xx_hal_rcc.o(i.HAL_RCC_GetPCLK2Freq)
    i.HAL_RCC_GetSysClockFreq                0x080020d8   Section        0  stm32g4xx_hal_rcc.o(i.HAL_RCC_GetSysClockFreq)
    i.HAL_RCC_NMI_IRQHandler                 0x08002150   Section        0  stm32g4xx_hal_rcc.o(i.HAL_RCC_NMI_IRQHandler)
    i.HAL_RCC_OscConfig                      0x0800216c   Section        0  stm32g4xx_hal_rcc.o(i.HAL_RCC_OscConfig)
    i.HAL_SYSTICK_Config                     0x08002690   Section        0  stm32g4xx_hal_cortex.o(i.HAL_SYSTICK_Config)
    i.HAL_TIMEx_Break2Callback               0x080026b8   Section        0  stm32g4xx_hal_tim_ex.o(i.HAL_TIMEx_Break2Callback)
    i.HAL_TIMEx_BreakCallback                0x080026ba   Section        0  stm32g4xx_hal_tim_ex.o(i.HAL_TIMEx_BreakCallback)
    i.HAL_TIMEx_CommutCallback               0x080026bc   Section        0  stm32g4xx_hal_tim_ex.o(i.HAL_TIMEx_CommutCallback)
    i.HAL_TIMEx_DirectionChangeCallback      0x080026be   Section        0  stm32g4xx_hal_tim_ex.o(i.HAL_TIMEx_DirectionChangeCallback)
    i.HAL_TIMEx_EncoderIndexCallback         0x080026c0   Section        0  stm32g4xx_hal_tim_ex.o(i.HAL_TIMEx_EncoderIndexCallback)
    i.HAL_TIMEx_IndexErrorCallback           0x080026c2   Section        0  stm32g4xx_hal_tim_ex.o(i.HAL_TIMEx_IndexErrorCallback)
    i.HAL_TIMEx_MasterConfigSynchronization  0x080026c4   Section        0  stm32g4xx_hal_tim_ex.o(i.HAL_TIMEx_MasterConfigSynchronization)
    i.HAL_TIMEx_TransitionErrorCallback      0x0800275c   Section        0  stm32g4xx_hal_tim_ex.o(i.HAL_TIMEx_TransitionErrorCallback)
    i.HAL_TIM_Base_Init                      0x0800275e   Section        0  stm32g4xx_hal_tim.o(i.HAL_TIM_Base_Init)
    i.HAL_TIM_Base_MspInit                   0x080027c4   Section        0  tim.o(i.HAL_TIM_Base_MspInit)
    i.HAL_TIM_Base_Start                     0x0800285c   Section        0  stm32g4xx_hal_tim.o(i.HAL_TIM_Base_Start)
    i.HAL_TIM_Base_Start_IT                  0x080028d4   Section        0  stm32g4xx_hal_tim.o(i.HAL_TIM_Base_Start_IT)
    i.HAL_TIM_ConfigClockSource              0x08002954   Section        0  stm32g4xx_hal_tim.o(i.HAL_TIM_ConfigClockSource)
    i.HAL_TIM_IC_CaptureCallback             0x08002a5c   Section        0  main.o(i.HAL_TIM_IC_CaptureCallback)
    i.HAL_TIM_IC_ConfigChannel               0x08002aa8   Section        0  stm32g4xx_hal_tim.o(i.HAL_TIM_IC_ConfigChannel)
    i.HAL_TIM_IC_Init                        0x08002b5c   Section        0  stm32g4xx_hal_tim.o(i.HAL_TIM_IC_Init)
    i.HAL_TIM_IC_MspInit                     0x08002bc0   Section        0  stm32g4xx_hal_tim.o(i.HAL_TIM_IC_MspInit)
    i.HAL_TIM_IC_Start_IT                    0x08002bc4   Section        0  stm32g4xx_hal_tim.o(i.HAL_TIM_IC_Start_IT)
    i.HAL_TIM_IC_Stop_IT                     0x08002d2c   Section        0  stm32g4xx_hal_tim.o(i.HAL_TIM_IC_Stop_IT)
    i.HAL_TIM_IRQHandler                     0x08002dec   Section        0  stm32g4xx_hal_tim.o(i.HAL_TIM_IRQHandler)
    i.HAL_TIM_OC_DelayElapsedCallback        0x08002ff6   Section        0  stm32g4xx_hal_tim.o(i.HAL_TIM_OC_DelayElapsedCallback)
    i.HAL_TIM_PWM_PulseFinishedCallback      0x08002ff8   Section        0  stm32g4xx_hal_tim.o(i.HAL_TIM_PWM_PulseFinishedCallback)
    i.HAL_TIM_PeriodElapsedCallback          0x08002ffc   Section        0  main.o(i.HAL_TIM_PeriodElapsedCallback)
    i.HAL_TIM_ReadCapturedValue              0x08003060   Section        0  stm32g4xx_hal_tim.o(i.HAL_TIM_ReadCapturedValue)
    i.HAL_TIM_SlaveConfigSynchro             0x0800308c   Section        0  stm32g4xx_hal_tim.o(i.HAL_TIM_SlaveConfigSynchro)
    i.HAL_TIM_TriggerCallback                0x080030de   Section        0  stm32g4xx_hal_tim.o(i.HAL_TIM_TriggerCallback)
    i.HAL_UARTEx_DisableFifoMode             0x080030e0   Section        0  stm32g4xx_hal_uart_ex.o(i.HAL_UARTEx_DisableFifoMode)
    i.HAL_UARTEx_RxEventCallback             0x0800311e   Section        0  stm32g4xx_hal_uart.o(i.HAL_UARTEx_RxEventCallback)
    i.HAL_UARTEx_RxFifoFullCallback          0x08003120   Section        0  stm32g4xx_hal_uart_ex.o(i.HAL_UARTEx_RxFifoFullCallback)
    i.HAL_UARTEx_SetRxFifoThreshold          0x08003122   Section        0  stm32g4xx_hal_uart_ex.o(i.HAL_UARTEx_SetRxFifoThreshold)
    i.HAL_UARTEx_SetTxFifoThreshold          0x0800316e   Section        0  stm32g4xx_hal_uart_ex.o(i.HAL_UARTEx_SetTxFifoThreshold)
    i.HAL_UARTEx_TxFifoEmptyCallback         0x080031ba   Section        0  stm32g4xx_hal_uart_ex.o(i.HAL_UARTEx_TxFifoEmptyCallback)
    i.HAL_UARTEx_WakeupCallback              0x080031bc   Section        0  stm32g4xx_hal_uart_ex.o(i.HAL_UARTEx_WakeupCallback)
    i.HAL_UART_ErrorCallback                 0x080031be   Section        0  stm32g4xx_hal_uart.o(i.HAL_UART_ErrorCallback)
    i.HAL_UART_IRQHandler                    0x080031c0   Section        0  stm32g4xx_hal_uart.o(i.HAL_UART_IRQHandler)
    i.HAL_UART_Init                          0x080034a4   Section        0  stm32g4xx_hal_uart.o(i.HAL_UART_Init)
    i.HAL_UART_MspInit                       0x08003514   Section        0  usart.o(i.HAL_UART_MspInit)
    i.HAL_UART_Receive_IT                    0x080035d0   Section        0  stm32g4xx_hal_uart.o(i.HAL_UART_Receive_IT)
    i.HAL_UART_RxCpltCallback                0x08003620   Section        0  stm32g4xx_hal_uart.o(i.HAL_UART_RxCpltCallback)
    i.HAL_UART_Transmit                      0x08003622   Section        0  stm32g4xx_hal_uart.o(i.HAL_UART_Transmit)
    i.HAL_UART_TxCpltCallback                0x080036f8   Section        0  stm32g4xx_hal_uart.o(i.HAL_UART_TxCpltCallback)
    i.HardFault_Handler                      0x080036fa   Section        0  stm32g4xx_it.o(i.HardFault_Handler)
    i.KEY_Proc                               0x080036fc   Section        0  main.o(i.KEY_Proc)
    i.KEY_Scan                               0x08003814   Section        0  gpio.o(i.KEY_Scan)
    i.LCD_BusIn                              0x08003854   Section        0  lcd.o(i.LCD_BusIn)
    i.LCD_BusOut                             0x08003880   Section        0  lcd.o(i.LCD_BusOut)
    i.LCD_Clear                              0x080038b0   Section        0  lcd.o(i.LCD_Clear)
    i.LCD_CtrlLinesConfig                    0x080038d4   Section        0  lcd.o(i.LCD_CtrlLinesConfig)
    i.LCD_DisplayChar                        0x08003964   Section        0  lcd.o(i.LCD_DisplayChar)
    i.LCD_DisplayStringLine                  0x0800397c   Section        0  lcd.o(i.LCD_DisplayStringLine)
    i.LCD_DrawChar                           0x080039a8   Section        0  lcd.o(i.LCD_DrawChar)
    i.LCD_Init                               0x08003a00   Section        0  lcd.o(i.LCD_Init)
    i.LCD_Proc                               0x08003a34   Section        0  main.o(i.LCD_Proc)
    i.LCD_ReadReg                            0x08003b68   Section        0  lcd.o(i.LCD_ReadReg)
    i.LCD_SetBackColor                       0x08003be8   Section        0  lcd.o(i.LCD_SetBackColor)
    i.LCD_SetCursor                          0x08003bf8   Section        0  lcd.o(i.LCD_SetCursor)
    i.LCD_SetTextColor                       0x08003c10   Section        0  lcd.o(i.LCD_SetTextColor)
    i.LCD_WriteRAM                           0x08003c20   Section        0  lcd.o(i.LCD_WriteRAM)
    i.LCD_WriteRAM_Prepare                   0x08003c78   Section        0  lcd.o(i.LCD_WriteRAM_Prepare)
    i.LCD_WriteReg                           0x08003cd4   Section        0  lcd.o(i.LCD_WriteReg)
    i.LED_Disp                               0x08003d40   Section        0  gpio.o(i.LED_Disp)
    i.MX_ADC1_Init                           0x08003d94   Section        0  adc.o(i.MX_ADC1_Init)
    i.MX_GPIO_Init                           0x08003e28   Section        0  gpio.o(i.MX_GPIO_Init)
    i.MX_TIM2_Init                           0x08003efc   Section        0  tim.o(i.MX_TIM2_Init)
    i.MX_TIM4_Init                           0x08003fc8   Section        0  tim.o(i.MX_TIM4_Init)
    i.MX_USART1_UART_Init                    0x08004030   Section        0  usart.o(i.MX_USART1_UART_Init)
    i.MX_USART2_UART_Init                    0x08004098   Section        0  usart.o(i.MX_USART2_UART_Init)
    i.MemManage_Handler                      0x08004100   Section        0  stm32g4xx_it.o(i.MemManage_Handler)
    i.NMI_Handler                            0x08004102   Section        0  stm32g4xx_it.o(i.NMI_Handler)
    i.PendSV_Handler                         0x08004108   Section        0  stm32g4xx_it.o(i.PendSV_Handler)
    i.RCC_GetSysClockFreqFromPLLSource       0x0800410c   Section        0  stm32g4xx_hal_rcc.o(i.RCC_GetSysClockFreqFromPLLSource)
    RCC_GetSysClockFreqFromPLLSource         0x0800410d   Thumb Code    66  stm32g4xx_hal_rcc.o(i.RCC_GetSysClockFreqFromPLLSource)
    i.REG_8230_Init                          0x0800415c   Section        0  lcd.o(i.REG_8230_Init)
    i.REG_932X_Init                          0x0800426e   Section        0  lcd.o(i.REG_932X_Init)
    i.SVC_Handler                            0x08004470   Section        0  stm32g4xx_it.o(i.SVC_Handler)
    i.SysTick_Handler                        0x08004472   Section        0  stm32g4xx_it.o(i.SysTick_Handler)
    i.SystemClock_Config                     0x08004476   Section        0  main.o(i.SystemClock_Config)
    i.SystemInit                             0x08004504   Section        0  system_stm32g4xx.o(i.SystemInit)
    i.TIM2_IRQHandler                        0x08004514   Section        0  stm32g4xx_it.o(i.TIM2_IRQHandler)
    i.TIM4_IRQHandler                        0x08004520   Section        0  stm32g4xx_it.o(i.TIM4_IRQHandler)
    i.TIM_Base_SetConfig                     0x0800452c   Section        0  stm32g4xx_hal_tim.o(i.TIM_Base_SetConfig)
    i.TIM_CCxChannelCmd                      0x080045dc   Section        0  stm32g4xx_hal_tim.o(i.TIM_CCxChannelCmd)
    i.TIM_ETR_SetConfig                      0x080045fa   Section        0  stm32g4xx_hal_tim.o(i.TIM_ETR_SetConfig)
    i.TIM_ITRx_SetConfig                     0x08004610   Section        0  stm32g4xx_hal_tim.o(i.TIM_ITRx_SetConfig)
    TIM_ITRx_SetConfig                       0x08004611   Thumb Code    20  stm32g4xx_hal_tim.o(i.TIM_ITRx_SetConfig)
    i.TIM_SlaveTimer_SetConfig               0x08004624   Section        0  stm32g4xx_hal_tim.o(i.TIM_SlaveTimer_SetConfig)
    TIM_SlaveTimer_SetConfig                 0x08004625   Thumb Code   186  stm32g4xx_hal_tim.o(i.TIM_SlaveTimer_SetConfig)
    i.TIM_TI1_ConfigInputStage               0x080046e4   Section        0  stm32g4xx_hal_tim.o(i.TIM_TI1_ConfigInputStage)
    TIM_TI1_ConfigInputStage                 0x080046e5   Thumb Code    38  stm32g4xx_hal_tim.o(i.TIM_TI1_ConfigInputStage)
    i.TIM_TI1_SetConfig                      0x0800470a   Section        0  stm32g4xx_hal_tim.o(i.TIM_TI1_SetConfig)
    i.TIM_TI2_ConfigInputStage               0x08004784   Section        0  stm32g4xx_hal_tim.o(i.TIM_TI2_ConfigInputStage)
    TIM_TI2_ConfigInputStage                 0x08004785   Thumb Code    36  stm32g4xx_hal_tim.o(i.TIM_TI2_ConfigInputStage)
    i.TIM_TI2_SetConfig                      0x080047a8   Section        0  stm32g4xx_hal_tim.o(i.TIM_TI2_SetConfig)
    TIM_TI2_SetConfig                        0x080047a9   Thumb Code    64  stm32g4xx_hal_tim.o(i.TIM_TI2_SetConfig)
    i.TIM_TI3_SetConfig                      0x080047e8   Section        0  stm32g4xx_hal_tim.o(i.TIM_TI3_SetConfig)
    TIM_TI3_SetConfig                        0x080047e9   Thumb Code    60  stm32g4xx_hal_tim.o(i.TIM_TI3_SetConfig)
    i.TIM_TI4_SetConfig                      0x08004824   Section        0  stm32g4xx_hal_tim.o(i.TIM_TI4_SetConfig)
    TIM_TI4_SetConfig                        0x08004825   Thumb Code    64  stm32g4xx_hal_tim.o(i.TIM_TI4_SetConfig)
    i.UARTEx_SetNbDataToProcess              0x08004864   Section        0  stm32g4xx_hal_uart_ex.o(i.UARTEx_SetNbDataToProcess)
    UARTEx_SetNbDataToProcess                0x08004865   Thumb Code    80  stm32g4xx_hal_uart_ex.o(i.UARTEx_SetNbDataToProcess)
    i.UART_AdvFeatureConfig                  0x080048b8   Section        0  stm32g4xx_hal_uart.o(i.UART_AdvFeatureConfig)
    i.UART_CheckIdleState                    0x08004990   Section        0  stm32g4xx_hal_uart.o(i.UART_CheckIdleState)
    i.UART_DMAAbortOnError                   0x080049f8   Section        0  stm32g4xx_hal_uart.o(i.UART_DMAAbortOnError)
    UART_DMAAbortOnError                     0x080049f9   Thumb Code    20  stm32g4xx_hal_uart.o(i.UART_DMAAbortOnError)
    i.UART_EndRxTransfer                     0x08004a0c   Section        0  stm32g4xx_hal_uart.o(i.UART_EndRxTransfer)
    UART_EndRxTransfer                       0x08004a0d   Thumb Code    54  stm32g4xx_hal_uart.o(i.UART_EndRxTransfer)
    i.UART_EndTransmit_IT                    0x08004a42   Section        0  stm32g4xx_hal_uart.o(i.UART_EndTransmit_IT)
    UART_EndTransmit_IT                      0x08004a43   Thumb Code    28  stm32g4xx_hal_uart.o(i.UART_EndTransmit_IT)
    i.UART_RxISR_16BIT                       0x08004a5e   Section        0  stm32g4xx_hal_uart.o(i.UART_RxISR_16BIT)
    UART_RxISR_16BIT                         0x08004a5f   Thumb Code   128  stm32g4xx_hal_uart.o(i.UART_RxISR_16BIT)
    i.UART_RxISR_16BIT_FIFOEN                0x08004ae0   Section        0  stm32g4xx_hal_uart.o(i.UART_RxISR_16BIT_FIFOEN)
    UART_RxISR_16BIT_FIFOEN                  0x08004ae1   Thumb Code   324  stm32g4xx_hal_uart.o(i.UART_RxISR_16BIT_FIFOEN)
    i.UART_RxISR_8BIT                        0x08004c28   Section        0  stm32g4xx_hal_uart.o(i.UART_RxISR_8BIT)
    UART_RxISR_8BIT                          0x08004c29   Thumb Code   128  stm32g4xx_hal_uart.o(i.UART_RxISR_8BIT)
    i.UART_RxISR_8BIT_FIFOEN                 0x08004ca8   Section        0  stm32g4xx_hal_uart.o(i.UART_RxISR_8BIT_FIFOEN)
    UART_RxISR_8BIT_FIFOEN                   0x08004ca9   Thumb Code   324  stm32g4xx_hal_uart.o(i.UART_RxISR_8BIT_FIFOEN)
    i.UART_SetConfig                         0x08004df0   Section        0  stm32g4xx_hal_uart.o(i.UART_SetConfig)
    i.UART_Start_Receive_IT                  0x080050d0   Section        0  stm32g4xx_hal_uart.o(i.UART_Start_Receive_IT)
    i.UART_WaitOnFlagUntilTimeout            0x080051c4   Section        0  stm32g4xx_hal_uart.o(i.UART_WaitOnFlagUntilTimeout)
    i.USART1_IRQHandler                      0x08005288   Section        0  stm32g4xx_it.o(i.USART1_IRQHandler)
    i.USART2_IRQHandler                      0x08005294   Section        0  stm32g4xx_it.o(i.USART2_IRQHandler)
    i.UsageFault_Handler                     0x080052a0   Section        0  stm32g4xx_it.o(i.UsageFault_Handler)
    i.__0sprintf                             0x080052a4   Section        0  printfa.o(i.__0sprintf)
    i.__scatterload_copy                     0x080052cc   Section       14  handlers.o(i.__scatterload_copy)
    i.__scatterload_null                     0x080052da   Section        2  handlers.o(i.__scatterload_null)
    i.__scatterload_zeroinit                 0x080052dc   Section       14  handlers.o(i.__scatterload_zeroinit)
    i._fp_digits                             0x080052ec   Section        0  printfa.o(i._fp_digits)
    _fp_digits                               0x080052ed   Thumb Code   366  printfa.o(i._fp_digits)
    i._printf_core                           0x08005470   Section        0  printfa.o(i._printf_core)
    _printf_core                             0x08005471   Thumb Code  1704  printfa.o(i._printf_core)
    i._printf_post_padding                   0x08005b24   Section        0  printfa.o(i._printf_post_padding)
    _printf_post_padding                     0x08005b25   Thumb Code    36  printfa.o(i._printf_post_padding)
    i._printf_pre_padding                    0x08005b48   Section        0  printfa.o(i._printf_pre_padding)
    _printf_pre_padding                      0x08005b49   Thumb Code    46  printfa.o(i._printf_pre_padding)
    i._sputc                                 0x08005b76   Section        0  printfa.o(i._sputc)
    _sputc                                   0x08005b77   Thumb Code    10  printfa.o(i._sputc)
    i.get_ADC                                0x08005b80   Section        0  main.o(i.get_ADC)
    i.main                                   0x08005ba8   Section        0  main.o(i.main)
    .constdata                               0x08005d10   Section     4560  lcd.o(.constdata)
    .constdata                               0x08006ee0   Section       16  system_stm32g4xx.o(.constdata)
    .constdata                               0x08006ef0   Section        8  system_stm32g4xx.o(.constdata)
    .constdata                               0x08006ef8   Section       24  stm32g4xx_hal_uart.o(.constdata)
    .constdata                               0x08006f10   Section       16  stm32g4xx_hal_uart_ex.o(.constdata)
    numerator                                0x08006f10   Data           8  stm32g4xx_hal_uart_ex.o(.constdata)
    denominator                              0x08006f18   Data           8  stm32g4xx_hal_uart_ex.o(.constdata)
    .data                                    0x20000000   Section        6  lcd.o(.data)
    TextColor                                0x20000000   Data           2  lcd.o(.data)
    BackColor                                0x20000002   Data           2  lcd.o(.data)
    .data                                    0x20000008   Section       48  main.o(.data)
    flag                                     0x2000000e   Data           2  main.o(.data)
    num                                      0x20000010   Data           2  main.o(.data)
    .data                                    0x20000038   Section        4  system_stm32g4xx.o(.data)
    .data                                    0x2000003c   Section       12  stm32g4xx_hal.o(.data)
    .bss                                     0x20000048   Section       61  main.o(.bss)
    .bss                                     0x20000088   Section      108  adc.o(.bss)
    .bss                                     0x200000f4   Section      152  tim.o(.bss)
    .bss                                     0x2000018c   Section      288  usart.o(.bss)
    STACK                                    0x200002b0   Section     1024  startup_stm32g431xx.o(STACK)

    Global Symbols

    Symbol Name                              Value     Ov Type        Size  Object(Section)

    BuildAttributes$$THM_ISAv4$E$P$D$K$B$S$7EM$VFPi3$EXTD16$VFPS$VFMA$PE$A:L22UL41UL21$X:L11$S22US41US21$IEEE1$IW$USESV6$~STKCKD$USESV7$~SHL$OTIME$ROPI$EBA8$MICROLIB$REQ8$PRES8$EABIv2 0x00000000   Number         0  anon$$obj.o ABSOLUTE
    __ARM_use_no_argv                        0x00000000   Number         0  main.o ABSOLUTE
    _printf_a                                0x00000000   Number         0  stubs.o ABSOLUTE
    _printf_c                                0x00000000   Number         0  stubs.o ABSOLUTE
    _printf_charcount                        0x00000000   Number         0  stubs.o ABSOLUTE
    _printf_d                                0x00000000   Number         0  stubs.o ABSOLUTE
    _printf_e                                0x00000000   Number         0  stubs.o ABSOLUTE
    _printf_f                                0x00000000   Number         0  stubs.o ABSOLUTE
    _printf_flags                            0x00000000   Number         0  stubs.o ABSOLUTE
    _printf_fp_dec                           0x00000000   Number         0  stubs.o ABSOLUTE
    _printf_fp_hex                           0x00000000   Number         0  stubs.o ABSOLUTE
    _printf_g                                0x00000000   Number         0  stubs.o ABSOLUTE
    _printf_i                                0x00000000   Number         0  stubs.o ABSOLUTE
    _printf_int_dec                          0x00000000   Number         0  stubs.o ABSOLUTE
    _printf_l                                0x00000000   Number         0  stubs.o ABSOLUTE
    _printf_lc                               0x00000000   Number         0  stubs.o ABSOLUTE
    _printf_ll                               0x00000000   Number         0  stubs.o ABSOLUTE
    _printf_lld                              0x00000000   Number         0  stubs.o ABSOLUTE
    _printf_lli                              0x00000000   Number         0  stubs.o ABSOLUTE
    _printf_llo                              0x00000000   Number         0  stubs.o ABSOLUTE
    _printf_llu                              0x00000000   Number         0  stubs.o ABSOLUTE
    _printf_llx                              0x00000000   Number         0  stubs.o ABSOLUTE
    _printf_longlong_dec                     0x00000000   Number         0  stubs.o ABSOLUTE
    _printf_longlong_hex                     0x00000000   Number         0  stubs.o ABSOLUTE
    _printf_longlong_oct                     0x00000000   Number         0  stubs.o ABSOLUTE
    _printf_ls                               0x00000000   Number         0  stubs.o ABSOLUTE
    _printf_mbtowc                           0x00000000   Number         0  stubs.o ABSOLUTE
    _printf_n                                0x00000000   Number         0  stubs.o ABSOLUTE
    _printf_o                                0x00000000   Number         0  stubs.o ABSOLUTE
    _printf_p                                0x00000000   Number         0  stubs.o ABSOLUTE
    _printf_percent                          0x00000000   Number         0  stubs.o ABSOLUTE
    _printf_pre_padding                      0x00000000   Number         0  stubs.o ABSOLUTE
    _printf_return_value                     0x00000000   Number         0  stubs.o ABSOLUTE
    _printf_s                                0x00000000   Number         0  stubs.o ABSOLUTE
    _printf_sizespec                         0x00000000   Number         0  stubs.o ABSOLUTE
    _printf_str                              0x00000000   Number         0  stubs.o ABSOLUTE
    _printf_truncate_signed                  0x00000000   Number         0  stubs.o ABSOLUTE
    _printf_truncate_unsigned                0x00000000   Number         0  stubs.o ABSOLUTE
    _printf_u                                0x00000000   Number         0  stubs.o ABSOLUTE
    _printf_wc                               0x00000000   Number         0  stubs.o ABSOLUTE
    _printf_wctomb                           0x00000000   Number         0  stubs.o ABSOLUTE
    _printf_widthprec                        0x00000000   Number         0  stubs.o ABSOLUTE
    _printf_x                                0x00000000   Number         0  stubs.o ABSOLUTE
    __arm_fini_                               - Undefined Weak Reference
    __cpp_initialize__aeabi_                  - Undefined Weak Reference
    __cxa_finalize                            - Undefined Weak Reference
    __decompress                              - Undefined Weak Reference
    _clock_init                               - Undefined Weak Reference
    _microlib_exit                            - Undefined Weak Reference
    __Vectors_Size                           0x000001d8   Number         0  startup_stm32g431xx.o ABSOLUTE
    __Vectors                                0x08000000   Data           4  startup_stm32g431xx.o(RESET)
    __Vectors_End                            0x080001d8   Data           0  startup_stm32g431xx.o(RESET)
    __main                                   0x080001d9   Thumb Code     0  entry.o(.ARM.Collect$$$$00000000)
    _main_stk                                0x080001d9   Thumb Code     0  entry2.o(.ARM.Collect$$$$00000001)
    _main_scatterload                        0x080001dd   Thumb Code     0  entry5.o(.ARM.Collect$$$$00000004)
    __main_after_scatterload                 0x080001e1   Thumb Code     0  entry5.o(.ARM.Collect$$$$00000004)
    _main_clock                              0x080001e1   Thumb Code     0  entry7b.o(.ARM.Collect$$$$00000008)
    _main_cpp_init                           0x080001e1   Thumb Code     0  entry8b.o(.ARM.Collect$$$$0000000A)
    _main_init                               0x080001e1   Thumb Code     0  entry9a.o(.ARM.Collect$$$$0000000B)
    __rt_lib_shutdown_fini                   0x080001e9   Thumb Code     0  entry12b.o(.ARM.Collect$$$$0000000E)
    __rt_final_cpp                           0x080001ed   Thumb Code     0  entry10a.o(.ARM.Collect$$$$0000000F)
    __rt_final_exit                          0x080001ed   Thumb Code     0  entry11a.o(.ARM.Collect$$$$00000011)
    Reset_Handler                            0x080001f1   Thumb Code     8  startup_stm32g431xx.o(.text)
    COMP1_2_3_IRQHandler                     0x0800020b   Thumb Code     0  startup_stm32g431xx.o(.text)
    COMP4_IRQHandler                         0x0800020b   Thumb Code     0  startup_stm32g431xx.o(.text)
    CORDIC_IRQHandler                        0x0800020b   Thumb Code     0  startup_stm32g431xx.o(.text)
    CRS_IRQHandler                           0x0800020b   Thumb Code     0  startup_stm32g431xx.o(.text)
    DMA1_Channel1_IRQHandler                 0x0800020b   Thumb Code     0  startup_stm32g431xx.o(.text)
    DMA1_Channel2_IRQHandler                 0x0800020b   Thumb Code     0  startup_stm32g431xx.o(.text)
    DMA1_Channel3_IRQHandler                 0x0800020b   Thumb Code     0  startup_stm32g431xx.o(.text)
    DMA1_Channel4_IRQHandler                 0x0800020b   Thumb Code     0  startup_stm32g431xx.o(.text)
    DMA1_Channel5_IRQHandler                 0x0800020b   Thumb Code     0  startup_stm32g431xx.o(.text)
    DMA1_Channel6_IRQHandler                 0x0800020b   Thumb Code     0  startup_stm32g431xx.o(.text)
    DMA2_Channel1_IRQHandler                 0x0800020b   Thumb Code     0  startup_stm32g431xx.o(.text)
    DMA2_Channel2_IRQHandler                 0x0800020b   Thumb Code     0  startup_stm32g431xx.o(.text)
    DMA2_Channel3_IRQHandler                 0x0800020b   Thumb Code     0  startup_stm32g431xx.o(.text)
    DMA2_Channel4_IRQHandler                 0x0800020b   Thumb Code     0  startup_stm32g431xx.o(.text)
    DMA2_Channel5_IRQHandler                 0x0800020b   Thumb Code     0  startup_stm32g431xx.o(.text)
    DMA2_Channel6_IRQHandler                 0x0800020b   Thumb Code     0  startup_stm32g431xx.o(.text)
    DMAMUX_OVR_IRQHandler                    0x0800020b   Thumb Code     0  startup_stm32g431xx.o(.text)
    EXTI0_IRQHandler                         0x0800020b   Thumb Code     0  startup_stm32g431xx.o(.text)
    EXTI15_10_IRQHandler                     0x0800020b   Thumb Code     0  startup_stm32g431xx.o(.text)
    EXTI1_IRQHandler                         0x0800020b   Thumb Code     0  startup_stm32g431xx.o(.text)
    EXTI2_IRQHandler                         0x0800020b   Thumb Code     0  startup_stm32g431xx.o(.text)
    EXTI3_IRQHandler                         0x0800020b   Thumb Code     0  startup_stm32g431xx.o(.text)
    EXTI4_IRQHandler                         0x0800020b   Thumb Code     0  startup_stm32g431xx.o(.text)
    EXTI9_5_IRQHandler                       0x0800020b   Thumb Code     0  startup_stm32g431xx.o(.text)
    FDCAN1_IT0_IRQHandler                    0x0800020b   Thumb Code     0  startup_stm32g431xx.o(.text)
    FDCAN1_IT1_IRQHandler                    0x0800020b   Thumb Code     0  startup_stm32g431xx.o(.text)
    FLASH_IRQHandler                         0x0800020b   Thumb Code     0  startup_stm32g431xx.o(.text)
    FMAC_IRQHandler                          0x0800020b   Thumb Code     0  startup_stm32g431xx.o(.text)
    FPU_IRQHandler                           0x0800020b   Thumb Code     0  startup_stm32g431xx.o(.text)
    I2C1_ER_IRQHandler                       0x0800020b   Thumb Code     0  startup_stm32g431xx.o(.text)
    I2C1_EV_IRQHandler                       0x0800020b   Thumb Code     0  startup_stm32g431xx.o(.text)
    I2C2_ER_IRQHandler                       0x0800020b   Thumb Code     0  startup_stm32g431xx.o(.text)
    I2C2_EV_IRQHandler                       0x0800020b   Thumb Code     0  startup_stm32g431xx.o(.text)
    I2C3_ER_IRQHandler                       0x0800020b   Thumb Code     0  startup_stm32g431xx.o(.text)
    I2C3_EV_IRQHandler                       0x0800020b   Thumb Code     0  startup_stm32g431xx.o(.text)
    LPTIM1_IRQHandler                        0x0800020b   Thumb Code     0  startup_stm32g431xx.o(.text)
    LPUART1_IRQHandler                       0x0800020b   Thumb Code     0  startup_stm32g431xx.o(.text)
    PVD_PVM_IRQHandler                       0x0800020b   Thumb Code     0  startup_stm32g431xx.o(.text)
    RCC_IRQHandler                           0x0800020b   Thumb Code     0  startup_stm32g431xx.o(.text)
    RNG_IRQHandler                           0x0800020b   Thumb Code     0  startup_stm32g431xx.o(.text)
    RTC_Alarm_IRQHandler                     0x0800020b   Thumb Code     0  startup_stm32g431xx.o(.text)
    RTC_TAMP_LSECSS_IRQHandler               0x0800020b   Thumb Code     0  startup_stm32g431xx.o(.text)
    RTC_WKUP_IRQHandler                      0x0800020b   Thumb Code     0  startup_stm32g431xx.o(.text)
    SAI1_IRQHandler                          0x0800020b   Thumb Code     0  startup_stm32g431xx.o(.text)
    SPI1_IRQHandler                          0x0800020b   Thumb Code     0  startup_stm32g431xx.o(.text)
    SPI2_IRQHandler                          0x0800020b   Thumb Code     0  startup_stm32g431xx.o(.text)
    SPI3_IRQHandler                          0x0800020b   Thumb Code     0  startup_stm32g431xx.o(.text)
    TIM1_BRK_TIM15_IRQHandler                0x0800020b   Thumb Code     0  startup_stm32g431xx.o(.text)
    TIM1_CC_IRQHandler                       0x0800020b   Thumb Code     0  startup_stm32g431xx.o(.text)
    TIM1_TRG_COM_TIM17_IRQHandler            0x0800020b   Thumb Code     0  startup_stm32g431xx.o(.text)
    TIM1_UP_TIM16_IRQHandler                 0x0800020b   Thumb Code     0  startup_stm32g431xx.o(.text)
    TIM3_IRQHandler                          0x0800020b   Thumb Code     0  startup_stm32g431xx.o(.text)
    TIM6_DAC_IRQHandler                      0x0800020b   Thumb Code     0  startup_stm32g431xx.o(.text)
    TIM7_IRQHandler                          0x0800020b   Thumb Code     0  startup_stm32g431xx.o(.text)
    TIM8_BRK_IRQHandler                      0x0800020b   Thumb Code     0  startup_stm32g431xx.o(.text)
    TIM8_CC_IRQHandler                       0x0800020b   Thumb Code     0  startup_stm32g431xx.o(.text)
    TIM8_TRG_COM_IRQHandler                  0x0800020b   Thumb Code     0  startup_stm32g431xx.o(.text)
    TIM8_UP_IRQHandler                       0x0800020b   Thumb Code     0  startup_stm32g431xx.o(.text)
    UART4_IRQHandler                         0x0800020b   Thumb Code     0  startup_stm32g431xx.o(.text)
    UCPD1_IRQHandler                         0x0800020b   Thumb Code     0  startup_stm32g431xx.o(.text)
    USART3_IRQHandler                        0x0800020b   Thumb Code     0  startup_stm32g431xx.o(.text)
    USBWakeUp_IRQHandler                     0x0800020b   Thumb Code     0  startup_stm32g431xx.o(.text)
    USB_HP_IRQHandler                        0x0800020b   Thumb Code     0  startup_stm32g431xx.o(.text)
    USB_LP_IRQHandler                        0x0800020b   Thumb Code     0  startup_stm32g431xx.o(.text)
    WWDG_IRQHandler                          0x0800020b   Thumb Code     0  startup_stm32g431xx.o(.text)
    __aeabi_uldivmod                         0x08000215   Thumb Code    98  uldiv.o(.text)
    __aeabi_memset                           0x08000277   Thumb Code    14  memseta.o(.text)
    __aeabi_memset4                          0x08000277   Thumb Code     0  memseta.o(.text)
    __aeabi_memset8                          0x08000277   Thumb Code     0  memseta.o(.text)
    __aeabi_memclr                           0x08000285   Thumb Code     4  memseta.o(.text)
    __aeabi_memclr4                          0x08000285   Thumb Code     0  memseta.o(.text)
    __aeabi_memclr8                          0x08000285   Thumb Code     0  memseta.o(.text)
    _memset$wrapper                          0x08000289   Thumb Code    18  memseta.o(.text)
    strlen                                   0x0800029b   Thumb Code    14  strlen.o(.text)
    __aeabi_dmul                             0x080002a9   Thumb Code   228  dmul.o(.text)
    __aeabi_ui2d                             0x0800038d   Thumb Code    26  dfltui.o(.text)
    __aeabi_f2d                              0x080003a7   Thumb Code    38  f2d.o(.text)
    __aeabi_d2f                              0x080003cd   Thumb Code    56  d2f.o(.text)
    __aeabi_uidiv                            0x08000405   Thumb Code     0  uidiv.o(.text)
    __aeabi_uidivmod                         0x08000405   Thumb Code    44  uidiv.o(.text)
    __aeabi_llsl                             0x08000431   Thumb Code    30  llshl.o(.text)
    _ll_shift_l                              0x08000431   Thumb Code     0  llshl.o(.text)
    __aeabi_llsr                             0x0800044f   Thumb Code    32  llushr.o(.text)
    _ll_ushift_r                             0x0800044f   Thumb Code     0  llushr.o(.text)
    __I$use$fp                               0x0800046f   Thumb Code     0  iusefp.o(.text)
    _float_round                             0x0800046f   Thumb Code    18  fepilogue.o(.text)
    _float_epilogue                          0x08000481   Thumb Code    92  fepilogue.o(.text)
    _double_round                            0x080004dd   Thumb Code    30  depilogue.o(.text)
    _double_epilogue                         0x080004fb   Thumb Code   156  depilogue.o(.text)
    __aeabi_dadd                             0x08000597   Thumb Code   322  dadd.o(.text)
    __aeabi_dsub                             0x080006d9   Thumb Code     6  dadd.o(.text)
    __aeabi_drsub                            0x080006df   Thumb Code     6  dadd.o(.text)
    __aeabi_ddiv                             0x080006e5   Thumb Code   222  ddiv.o(.text)
    __aeabi_d2ulz                            0x080007c3   Thumb Code    48  dfixul.o(.text)
    __aeabi_cdrcmple                         0x080007f5   Thumb Code    48  cdrcmple.o(.text)
    __scatterload                            0x08000825   Thumb Code    28  init.o(.text)
    __scatterload_rt2                        0x08000825   Thumb Code     0  init.o(.text)
    __aeabi_lasr                             0x08000849   Thumb Code    36  llsshr.o(.text)
    _ll_sshift_r                             0x08000849   Thumb Code     0  llsshr.o(.text)
    ADC1_2_IRQHandler                        0x0800086d   Thumb Code     6  stm32g4xx_it.o(i.ADC1_2_IRQHandler)
    ADC_Enable                               0x08000879   Thumb Code   156  stm32g4xx_hal_adc.o(i.ADC_Enable)
    BusFault_Handler                         0x08000915   Thumb Code     2  stm32g4xx_it.o(i.BusFault_Handler)
    DebugMon_Handler                         0x08000917   Thumb Code     2  stm32g4xx_it.o(i.DebugMon_Handler)
    Delay_LCD                                0x08000919   Thumb Code    28  lcd.o(i.Delay_LCD)
    Error_Handler                            0x08000935   Thumb Code     4  main.o(i.Error_Handler)
    HAL_ADCEx_EndOfSamplingCallback          0x08000939   Thumb Code     2  stm32g4xx_hal_adc_ex.o(i.HAL_ADCEx_EndOfSamplingCallback)
    HAL_ADCEx_InjectedConvCpltCallback       0x0800093b   Thumb Code     2  stm32g4xx_hal_adc_ex.o(i.HAL_ADCEx_InjectedConvCpltCallback)
    HAL_ADCEx_InjectedQueueOverflowCallback  0x0800093d   Thumb Code     2  stm32g4xx_hal_adc_ex.o(i.HAL_ADCEx_InjectedQueueOverflowCallback)
    HAL_ADCEx_LevelOutOfWindow2Callback      0x0800093f   Thumb Code     2  stm32g4xx_hal_adc_ex.o(i.HAL_ADCEx_LevelOutOfWindow2Callback)
    HAL_ADCEx_LevelOutOfWindow3Callback      0x08000941   Thumb Code     2  stm32g4xx_hal_adc_ex.o(i.HAL_ADCEx_LevelOutOfWindow3Callback)
    HAL_ADCEx_MultiModeConfigChannel         0x08000945   Thumb Code   226  stm32g4xx_hal_adc_ex.o(i.HAL_ADCEx_MultiModeConfigChannel)
    HAL_ADC_ConfigChannel                    0x08000a31   Thumb Code  1272  stm32g4xx_hal_adc.o(i.HAL_ADC_ConfigChannel)
    HAL_ADC_ConvCpltCallback                 0x08000f41   Thumb Code     2  stm32g4xx_hal_adc.o(i.HAL_ADC_ConvCpltCallback)
    HAL_ADC_ErrorCallback                    0x08000f43   Thumb Code     2  stm32g4xx_hal_adc.o(i.HAL_ADC_ErrorCallback)
    HAL_ADC_GetValue                         0x08000f45   Thumb Code     6  stm32g4xx_hal_adc.o(i.HAL_ADC_GetValue)
    HAL_ADC_IRQHandler                       0x08000f4d   Thumb Code   716  stm32g4xx_hal_adc.o(i.HAL_ADC_IRQHandler)
    HAL_ADC_Init                             0x08001221   Thumb Code   508  stm32g4xx_hal_adc.o(i.HAL_ADC_Init)
    HAL_ADC_LevelOutOfWindowCallback         0x08001431   Thumb Code     2  stm32g4xx_hal_adc.o(i.HAL_ADC_LevelOutOfWindowCallback)
    HAL_ADC_MspInit                          0x08001435   Thumb Code    98  adc.o(i.HAL_ADC_MspInit)
    HAL_ADC_Start                            0x080014a1   Thumb Code   250  stm32g4xx_hal_adc.o(i.HAL_ADC_Start)
    HAL_DMA_Abort                            0x080015a5   Thumb Code   132  stm32g4xx_hal_dma.o(i.HAL_DMA_Abort)
    HAL_DMA_Abort_IT                         0x08001629   Thumb Code   148  stm32g4xx_hal_dma.o(i.HAL_DMA_Abort_IT)
    HAL_Delay                                0x080016bd   Thumb Code    34  stm32g4xx_hal.o(i.HAL_Delay)
    HAL_GPIO_Init                            0x080016e5   Thumb Code   556  stm32g4xx_hal_gpio.o(i.HAL_GPIO_Init)
    HAL_GPIO_ReadPin                         0x08001925   Thumb Code    14  stm32g4xx_hal_gpio.o(i.HAL_GPIO_ReadPin)
    HAL_GPIO_WritePin                        0x08001933   Thumb Code    12  stm32g4xx_hal_gpio.o(i.HAL_GPIO_WritePin)
    HAL_GetTick                              0x08001941   Thumb Code     6  stm32g4xx_hal.o(i.HAL_GetTick)
    HAL_IncTick                              0x0800194d   Thumb Code    12  stm32g4xx_hal.o(i.HAL_IncTick)
    HAL_Init                                 0x0800195d   Thumb Code    30  stm32g4xx_hal.o(i.HAL_Init)
    HAL_InitTick                             0x0800197d   Thumb Code    68  stm32g4xx_hal.o(i.HAL_InitTick)
    HAL_MspInit                              0x080019c9   Thumb Code    50  stm32g4xx_hal_msp.o(i.HAL_MspInit)
    HAL_NVIC_EnableIRQ                       0x08001a01   Thumb Code    28  stm32g4xx_hal_cortex.o(i.HAL_NVIC_EnableIRQ)
    HAL_NVIC_SetPriority                     0x08001a1d   Thumb Code    98  stm32g4xx_hal_cortex.o(i.HAL_NVIC_SetPriority)
    HAL_NVIC_SetPriorityGrouping             0x08001a85   Thumb Code    30  stm32g4xx_hal_cortex.o(i.HAL_NVIC_SetPriorityGrouping)
    HAL_PWREx_ControlVoltageScaling          0x08001aa9   Thumb Code   206  stm32g4xx_hal_pwr_ex.o(i.HAL_PWREx_ControlVoltageScaling)
    HAL_PWREx_DisableUCPDDeadBattery         0x08001b85   Thumb Code    12  stm32g4xx_hal_pwr_ex.o(i.HAL_PWREx_DisableUCPDDeadBattery)
    HAL_RCCEx_PeriphCLKConfig                0x08001b95   Thumb Code   720  stm32g4xx_hal_rcc_ex.o(i.HAL_RCCEx_PeriphCLKConfig)
    HAL_RCC_CSSCallback                      0x08001e6d   Thumb Code     2  stm32g4xx_hal_rcc.o(i.HAL_RCC_CSSCallback)
    HAL_RCC_ClockConfig                      0x08001e71   Thumb Code   490  stm32g4xx_hal_rcc.o(i.HAL_RCC_ClockConfig)
    HAL_RCC_EnableCSS                        0x08002075   Thumb Code    12  stm32g4xx_hal_rcc.o(i.HAL_RCC_EnableCSS)
    HAL_RCC_GetHCLKFreq                      0x08002085   Thumb Code     6  stm32g4xx_hal_rcc.o(i.HAL_RCC_GetHCLKFreq)
    HAL_RCC_GetPCLK1Freq                     0x08002091   Thumb Code    26  stm32g4xx_hal_rcc.o(i.HAL_RCC_GetPCLK1Freq)
    HAL_RCC_GetPCLK2Freq                     0x080020b5   Thumb Code    26  stm32g4xx_hal_rcc.o(i.HAL_RCC_GetPCLK2Freq)
    HAL_RCC_GetSysClockFreq                  0x080020d9   Thumb Code   106  stm32g4xx_hal_rcc.o(i.HAL_RCC_GetSysClockFreq)
    HAL_RCC_NMI_IRQHandler                   0x08002151   Thumb Code    22  stm32g4xx_hal_rcc.o(i.HAL_RCC_NMI_IRQHandler)
    HAL_RCC_OscConfig                        0x0800216d   Thumb Code  1310  stm32g4xx_hal_rcc.o(i.HAL_RCC_OscConfig)
    HAL_SYSTICK_Config                       0x08002691   Thumb Code    36  stm32g4xx_hal_cortex.o(i.HAL_SYSTICK_Config)
    HAL_TIMEx_Break2Callback                 0x080026b9   Thumb Code     2  stm32g4xx_hal_tim_ex.o(i.HAL_TIMEx_Break2Callback)
    HAL_TIMEx_BreakCallback                  0x080026bb   Thumb Code     2  stm32g4xx_hal_tim_ex.o(i.HAL_TIMEx_BreakCallback)
    HAL_TIMEx_CommutCallback                 0x080026bd   Thumb Code     2  stm32g4xx_hal_tim_ex.o(i.HAL_TIMEx_CommutCallback)
    HAL_TIMEx_DirectionChangeCallback        0x080026bf   Thumb Code     2  stm32g4xx_hal_tim_ex.o(i.HAL_TIMEx_DirectionChangeCallback)
    HAL_TIMEx_EncoderIndexCallback           0x080026c1   Thumb Code     2  stm32g4xx_hal_tim_ex.o(i.HAL_TIMEx_EncoderIndexCallback)
    HAL_TIMEx_IndexErrorCallback             0x080026c3   Thumb Code     2  stm32g4xx_hal_tim_ex.o(i.HAL_TIMEx_IndexErrorCallback)
    HAL_TIMEx_MasterConfigSynchronization    0x080026c5   Thumb Code   142  stm32g4xx_hal_tim_ex.o(i.HAL_TIMEx_MasterConfigSynchronization)
    HAL_TIMEx_TransitionErrorCallback        0x0800275d   Thumb Code     2  stm32g4xx_hal_tim_ex.o(i.HAL_TIMEx_TransitionErrorCallback)
    HAL_TIM_Base_Init                        0x0800275f   Thumb Code   100  stm32g4xx_hal_tim.o(i.HAL_TIM_Base_Init)
    HAL_TIM_Base_MspInit                     0x080027c5   Thumb Code   142  tim.o(i.HAL_TIM_Base_MspInit)
    HAL_TIM_Base_Start                       0x0800285d   Thumb Code   114  stm32g4xx_hal_tim.o(i.HAL_TIM_Base_Start)
    HAL_TIM_Base_Start_IT                    0x080028d5   Thumb Code   124  stm32g4xx_hal_tim.o(i.HAL_TIM_Base_Start_IT)
    HAL_TIM_ConfigClockSource                0x08002955   Thumb Code   258  stm32g4xx_hal_tim.o(i.HAL_TIM_ConfigClockSource)
    HAL_TIM_IC_CaptureCallback               0x08002a5d   Thumb Code    68  main.o(i.HAL_TIM_IC_CaptureCallback)
    HAL_TIM_IC_ConfigChannel                 0x08002aa9   Thumb Code   180  stm32g4xx_hal_tim.o(i.HAL_TIM_IC_ConfigChannel)
    HAL_TIM_IC_Init                          0x08002b5d   Thumb Code   100  stm32g4xx_hal_tim.o(i.HAL_TIM_IC_Init)
    HAL_TIM_IC_MspInit                       0x08002bc1   Thumb Code     2  stm32g4xx_hal_tim.o(i.HAL_TIM_IC_MspInit)
    HAL_TIM_IC_Start_IT                      0x08002bc5   Thumb Code   356  stm32g4xx_hal_tim.o(i.HAL_TIM_IC_Start_IT)
    HAL_TIM_IC_Stop_IT                       0x08002d2d   Thumb Code   192  stm32g4xx_hal_tim.o(i.HAL_TIM_IC_Stop_IT)
    HAL_TIM_IRQHandler                       0x08002ded   Thumb Code   522  stm32g4xx_hal_tim.o(i.HAL_TIM_IRQHandler)
    HAL_TIM_OC_DelayElapsedCallback          0x08002ff7   Thumb Code     2  stm32g4xx_hal_tim.o(i.HAL_TIM_OC_DelayElapsedCallback)
    HAL_TIM_PWM_PulseFinishedCallback        0x08002ff9   Thumb Code     2  stm32g4xx_hal_tim.o(i.HAL_TIM_PWM_PulseFinishedCallback)
    HAL_TIM_PeriodElapsedCallback            0x08002ffd   Thumb Code    88  main.o(i.HAL_TIM_PeriodElapsedCallback)
    HAL_TIM_ReadCapturedValue                0x08003061   Thumb Code    44  stm32g4xx_hal_tim.o(i.HAL_TIM_ReadCapturedValue)
    HAL_TIM_SlaveConfigSynchro               0x0800308d   Thumb Code    82  stm32g4xx_hal_tim.o(i.HAL_TIM_SlaveConfigSynchro)
    HAL_TIM_TriggerCallback                  0x080030df   Thumb Code     2  stm32g4xx_hal_tim.o(i.HAL_TIM_TriggerCallback)
    HAL_UARTEx_DisableFifoMode               0x080030e1   Thumb Code    62  stm32g4xx_hal_uart_ex.o(i.HAL_UARTEx_DisableFifoMode)
    HAL_UARTEx_RxEventCallback               0x0800311f   Thumb Code     2  stm32g4xx_hal_uart.o(i.HAL_UARTEx_RxEventCallback)
    HAL_UARTEx_RxFifoFullCallback            0x08003121   Thumb Code     2  stm32g4xx_hal_uart_ex.o(i.HAL_UARTEx_RxFifoFullCallback)
    HAL_UARTEx_SetRxFifoThreshold            0x08003123   Thumb Code    76  stm32g4xx_hal_uart_ex.o(i.HAL_UARTEx_SetRxFifoThreshold)
    HAL_UARTEx_SetTxFifoThreshold            0x0800316f   Thumb Code    76  stm32g4xx_hal_uart_ex.o(i.HAL_UARTEx_SetTxFifoThreshold)
    HAL_UARTEx_TxFifoEmptyCallback           0x080031bb   Thumb Code     2  stm32g4xx_hal_uart_ex.o(i.HAL_UARTEx_TxFifoEmptyCallback)
    HAL_UARTEx_WakeupCallback                0x080031bd   Thumb Code     2  stm32g4xx_hal_uart_ex.o(i.HAL_UARTEx_WakeupCallback)
    HAL_UART_ErrorCallback                   0x080031bf   Thumb Code     2  stm32g4xx_hal_uart.o(i.HAL_UART_ErrorCallback)
    HAL_UART_IRQHandler                      0x080031c1   Thumb Code   728  stm32g4xx_hal_uart.o(i.HAL_UART_IRQHandler)
    HAL_UART_Init                            0x080034a5   Thumb Code   112  stm32g4xx_hal_uart.o(i.HAL_UART_Init)
    HAL_UART_MspInit                         0x08003515   Thumb Code   176  usart.o(i.HAL_UART_MspInit)
    HAL_UART_Receive_IT                      0x080035d1   Thumb Code    80  stm32g4xx_hal_uart.o(i.HAL_UART_Receive_IT)
    HAL_UART_RxCpltCallback                  0x08003621   Thumb Code     2  stm32g4xx_hal_uart.o(i.HAL_UART_RxCpltCallback)
    HAL_UART_Transmit                        0x08003623   Thumb Code   214  stm32g4xx_hal_uart.o(i.HAL_UART_Transmit)
    HAL_UART_TxCpltCallback                  0x080036f9   Thumb Code     2  stm32g4xx_hal_uart.o(i.HAL_UART_TxCpltCallback)
    HardFault_Handler                        0x080036fb   Thumb Code     2  stm32g4xx_it.o(i.HardFault_Handler)
    KEY_Proc                                 0x080036fd   Thumb Code   200  main.o(i.KEY_Proc)
    KEY_Scan                                 0x08003815   Thumb Code    60  gpio.o(i.KEY_Scan)
    LCD_BusIn                                0x08003855   Thumb Code    40  lcd.o(i.LCD_BusIn)
    LCD_BusOut                               0x08003881   Thumb Code    42  lcd.o(i.LCD_BusOut)
    LCD_Clear                                0x080038b1   Thumb Code    36  lcd.o(i.LCD_Clear)
    LCD_CtrlLinesConfig                      0x080038d5   Thumb Code   136  lcd.o(i.LCD_CtrlLinesConfig)
    LCD_DisplayChar                          0x08003965   Thumb Code    18  lcd.o(i.LCD_DisplayChar)
    LCD_DisplayStringLine                    0x0800397d   Thumb Code    42  lcd.o(i.LCD_DisplayStringLine)
    LCD_DrawChar                             0x080039a9   Thumb Code    84  lcd.o(i.LCD_DrawChar)
    LCD_Init                                 0x08003a01   Thumb Code    46  lcd.o(i.LCD_Init)
    LCD_Proc                                 0x08003a35   Thumb Code   190  main.o(i.LCD_Proc)
    LCD_ReadReg                              0x08003b69   Thumb Code   120  lcd.o(i.LCD_ReadReg)
    LCD_SetBackColor                         0x08003be9   Thumb Code    12  lcd.o(i.LCD_SetBackColor)
    LCD_SetCursor                            0x08003bf9   Thumb Code    24  lcd.o(i.LCD_SetCursor)
    LCD_SetTextColor                         0x08003c11   Thumb Code    12  lcd.o(i.LCD_SetTextColor)
    LCD_WriteRAM                             0x08003c21   Thumb Code    80  lcd.o(i.LCD_WriteRAM)
    LCD_WriteRAM_Prepare                     0x08003c79   Thumb Code    82  lcd.o(i.LCD_WriteRAM_Prepare)
    LCD_WriteReg                             0x08003cd5   Thumb Code   100  lcd.o(i.LCD_WriteReg)
    LED_Disp                                 0x08003d41   Thumb Code    74  gpio.o(i.LED_Disp)
    MX_ADC1_Init                             0x08003d95   Thumb Code   138  adc.o(i.MX_ADC1_Init)
    MX_GPIO_Init                             0x08003e29   Thumb Code   196  gpio.o(i.MX_GPIO_Init)
    MX_TIM2_Init                             0x08003efd   Thumb Code   198  tim.o(i.MX_TIM2_Init)
    MX_TIM4_Init                             0x08003fc9   Thumb Code    96  tim.o(i.MX_TIM4_Init)
    MX_USART1_UART_Init                      0x08004031   Thumb Code    94  usart.o(i.MX_USART1_UART_Init)
    MX_USART2_UART_Init                      0x08004099   Thumb Code    94  usart.o(i.MX_USART2_UART_Init)
    MemManage_Handler                        0x08004101   Thumb Code     2  stm32g4xx_it.o(i.MemManage_Handler)
    NMI_Handler                              0x08004103   Thumb Code     6  stm32g4xx_it.o(i.NMI_Handler)
    PendSV_Handler                           0x08004109   Thumb Code     2  stm32g4xx_it.o(i.PendSV_Handler)
    REG_8230_Init                            0x0800415d   Thumb Code   274  lcd.o(i.REG_8230_Init)
    REG_932X_Init                            0x0800426f   Thumb Code   514  lcd.o(i.REG_932X_Init)
    SVC_Handler                              0x08004471   Thumb Code     2  stm32g4xx_it.o(i.SVC_Handler)
    SysTick_Handler                          0x08004473   Thumb Code     4  stm32g4xx_it.o(i.SysTick_Handler)
    SystemClock_Config                       0x08004477   Thumb Code   140  main.o(i.SystemClock_Config)
    SystemInit                               0x08004505   Thumb Code    12  system_stm32g4xx.o(i.SystemInit)
    TIM2_IRQHandler                          0x08004515   Thumb Code     6  stm32g4xx_it.o(i.TIM2_IRQHandler)
    TIM4_IRQHandler                          0x08004521   Thumb Code     6  stm32g4xx_it.o(i.TIM4_IRQHandler)
    TIM_Base_SetConfig                       0x0800452d   Thumb Code   148  stm32g4xx_hal_tim.o(i.TIM_Base_SetConfig)
    TIM_CCxChannelCmd                        0x080045dd   Thumb Code    30  stm32g4xx_hal_tim.o(i.TIM_CCxChannelCmd)
    TIM_ETR_SetConfig                        0x080045fb   Thumb Code    22  stm32g4xx_hal_tim.o(i.TIM_ETR_SetConfig)
    TIM_TI1_SetConfig                        0x0800470b   Thumb Code   122  stm32g4xx_hal_tim.o(i.TIM_TI1_SetConfig)
    UART_AdvFeatureConfig                    0x080048b9   Thumb Code   216  stm32g4xx_hal_uart.o(i.UART_AdvFeatureConfig)
    UART_CheckIdleState                      0x08004991   Thumb Code   104  stm32g4xx_hal_uart.o(i.UART_CheckIdleState)
    UART_SetConfig                           0x08004df1   Thumb Code   712  stm32g4xx_hal_uart.o(i.UART_SetConfig)
    UART_Start_Receive_IT                    0x080050d1   Thumb Code   228  stm32g4xx_hal_uart.o(i.UART_Start_Receive_IT)
    UART_WaitOnFlagUntilTimeout              0x080051c5   Thumb Code   194  stm32g4xx_hal_uart.o(i.UART_WaitOnFlagUntilTimeout)
    USART1_IRQHandler                        0x08005289   Thumb Code     6  stm32g4xx_it.o(i.USART1_IRQHandler)
    USART2_IRQHandler                        0x08005295   Thumb Code     6  stm32g4xx_it.o(i.USART2_IRQHandler)
    UsageFault_Handler                       0x080052a1   Thumb Code     2  stm32g4xx_it.o(i.UsageFault_Handler)
    __0sprintf                               0x080052a5   Thumb Code    34  printfa.o(i.__0sprintf)
    __1sprintf                               0x080052a5   Thumb Code     0  printfa.o(i.__0sprintf)
    __2sprintf                               0x080052a5   Thumb Code     0  printfa.o(i.__0sprintf)
    __c89sprintf                             0x080052a5   Thumb Code     0  printfa.o(i.__0sprintf)
    sprintf                                  0x080052a5   Thumb Code     0  printfa.o(i.__0sprintf)
    __scatterload_copy                       0x080052cd   Thumb Code    14  handlers.o(i.__scatterload_copy)
    __scatterload_null                       0x080052db   Thumb Code     2  handlers.o(i.__scatterload_null)
    __scatterload_zeroinit                   0x080052dd   Thumb Code    14  handlers.o(i.__scatterload_zeroinit)
    get_ADC                                  0x08005b81   Thumb Code    30  main.o(i.get_ADC)
    main                                     0x08005ba9   Thumb Code   284  main.o(i.main)
    ASCII_Table                              0x08005d10   Data        4560  lcd.o(.constdata)
    AHBPrescTable                            0x08006ee0   Data          16  system_stm32g4xx.o(.constdata)
    APBPrescTable                            0x08006ef0   Data           8  system_stm32g4xx.o(.constdata)
    UARTPrescTable                           0x08006ef8   Data          24  stm32g4xx_hal_uart.o(.constdata)
    Region$$Table$$Base                      0x08006f20   Number         0  anon$$obj.o(Region$$Table)
    Region$$Table$$Limit                     0x08006f40   Number         0  anon$$obj.o(Region$$Table)
    dummy                                    0x20000004   Data           2  lcd.o(.data)
    tim_flag                                 0x20000008   Data           1  main.o(.data)
    uk_val                                   0x20000009   Data           1  main.o(.data)
    uk_down                                  0x2000000a   Data           1  main.o(.data)
    uk_up                                    0x2000000b   Data           1  main.o(.data)
    uk_old                                   0x2000000c   Data           1  main.o(.data)
    rx_buffer                                0x2000000d   Data           1  main.o(.data)
    adc_max                                  0x20000012   Data           2  main.o(.data)
    keyslow                                  0x20000014   Data           4  main.o(.data)
    lcdslow                                  0x20000018   Data           4  main.o(.data)
    adc_voltage                              0x2000001c   Data           4  main.o(.data)
    max                                      0x20000020   Data           4  main.o(.data)
    min                                      0x20000024   Data           4  main.o(.data)
    vpp                                      0x20000028   Data           4  main.o(.data)
    duty                                     0x2000002c   Data           4  main.o(.data)
    PWM_RisingCount                          0x20000030   Data           4  main.o(.data)
    PWM_FallingCount                         0x20000034   Data           4  main.o(.data)
    SystemCoreClock                          0x20000038   Data           4  system_stm32g4xx.o(.data)
    uwTickPrio                               0x2000003c   Data           4  stm32g4xx_hal.o(.data)
    uwTickFreq                               0x20000040   Data           4  stm32g4xx_hal.o(.data)
    uwTick                                   0x20000044   Data           4  stm32g4xx_hal.o(.data)
    Lcd_string                               0x20000048   Data          21  main.o(.bss)
    str                                      0x2000005d   Data          40  main.o(.bss)
    hadc1                                    0x20000088   Data         108  adc.o(.bss)
    htim2                                    0x200000f4   Data          76  tim.o(.bss)
    htim4                                    0x20000140   Data          76  tim.o(.bss)
    huart1                                   0x2000018c   Data         144  usart.o(.bss)
    huart2                                   0x2000021c   Data         144  usart.o(.bss)
    __initial_sp                             0x200006b0   Data           0  startup_stm32g431xx.o(STACK)



==============================================================================

Memory Map of the image

  Image Entry point : 0x080001d9

  Load Region LR_IROM1 (Base: 0x08000000, Size: 0x00006f88, Max: 0x00020000, ABSOLUTE)

    Execution Region ER_IROM1 (Exec base: 0x08000000, Load base: 0x08000000, Size: 0x00006f40, Max: 0x00020000, ABSOLUTE)

    Exec Addr    Load Addr    Size         Type   Attr      Idx    E Section Name        Object

    0x08000000   0x08000000   0x000001d8   Data   RO            3    RESET               startup_stm32g431xx.o
    0x080001d8   0x080001d8   0x00000000   Code   RO         4732  * .ARM.Collect$$$$00000000  mc_w.l(entry.o)
    0x080001d8   0x080001d8   0x00000004   Code   RO         5010    .ARM.Collect$$$$00000001  mc_w.l(entry2.o)
    0x080001dc   0x080001dc   0x00000004   Code   RO         5013    .ARM.Collect$$$$00000004  mc_w.l(entry5.o)
    0x080001e0   0x080001e0   0x00000000   Code   RO         5015    .ARM.Collect$$$$00000008  mc_w.l(entry7b.o)
    0x080001e0   0x080001e0   0x00000000   Code   RO         5017    .ARM.Collect$$$$0000000A  mc_w.l(entry8b.o)
    0x080001e0   0x080001e0   0x00000008   Code   RO         5018    .ARM.Collect$$$$0000000B  mc_w.l(entry9a.o)
    0x080001e8   0x080001e8   0x00000004   Code   RO         5025    .ARM.Collect$$$$0000000E  mc_w.l(entry12b.o)
    0x080001ec   0x080001ec   0x00000000   Code   RO         5020    .ARM.Collect$$$$0000000F  mc_w.l(entry10a.o)
    0x080001ec   0x080001ec   0x00000000   Code   RO         5022    .ARM.Collect$$$$00000011  mc_w.l(entry11a.o)
    0x080001ec   0x080001ec   0x00000004   Code   RO         5011    .ARM.Collect$$$$00002712  mc_w.l(entry2.o)
    0x080001f0   0x080001f0   0x00000024   Code   RO            4    .text               startup_stm32g431xx.o
    0x08000214   0x08000214   0x00000062   Code   RO         4735    .text               mc_w.l(uldiv.o)
    0x08000276   0x08000276   0x00000024   Code   RO         4737    .text               mc_w.l(memseta.o)
    0x0800029a   0x0800029a   0x0000000e   Code   RO         4739    .text               mc_w.l(strlen.o)
    0x080002a8   0x080002a8   0x000000e4   Code   RO         5002    .text               mf_w.l(dmul.o)
    0x0800038c   0x0800038c   0x0000001a   Code   RO         5004    .text               mf_w.l(dfltui.o)
    0x080003a6   0x080003a6   0x00000026   Code   RO         5006    .text               mf_w.l(f2d.o)
    0x080003cc   0x080003cc   0x00000038   Code   RO         5008    .text               mf_w.l(d2f.o)
    0x08000404   0x08000404   0x0000002c   Code   RO         5027    .text               mc_w.l(uidiv.o)
    0x08000430   0x08000430   0x0000001e   Code   RO         5029    .text               mc_w.l(llshl.o)
    0x0800044e   0x0800044e   0x00000020   Code   RO         5031    .text               mc_w.l(llushr.o)
    0x0800046e   0x0800046e   0x00000000   Code   RO         5033    .text               mc_w.l(iusefp.o)
    0x0800046e   0x0800046e   0x0000006e   Code   RO         5034    .text               mf_w.l(fepilogue.o)
    0x080004dc   0x080004dc   0x000000ba   Code   RO         5036    .text               mf_w.l(depilogue.o)
    0x08000596   0x08000596   0x0000014e   Code   RO         5038    .text               mf_w.l(dadd.o)
    0x080006e4   0x080006e4   0x000000de   Code   RO         5040    .text               mf_w.l(ddiv.o)
    0x080007c2   0x080007c2   0x00000030   Code   RO         5042    .text               mf_w.l(dfixul.o)
    0x080007f2   0x080007f2   0x00000002   PAD
    0x080007f4   0x080007f4   0x00000030   Code   RO         5044    .text               mf_w.l(cdrcmple.o)
    0x08000824   0x08000824   0x00000024   Code   RO         5046    .text               mc_w.l(init.o)
    0x08000848   0x08000848   0x00000024   Code   RO         5048    .text               mc_w.l(llsshr.o)
    0x0800086c   0x0800086c   0x0000000c   Code   RO          947    i.ADC1_2_IRQHandler  stm32g4xx_it.o
    0x08000878   0x08000878   0x0000009c   Code   RO         1120    i.ADC_Enable        stm32g4xx_hal_adc.o
    0x08000914   0x08000914   0x00000002   Code   RO          948    i.BusFault_Handler  stm32g4xx_it.o
    0x08000916   0x08000916   0x00000002   Code   RO          949    i.DebugMon_Handler  stm32g4xx_it.o
    0x08000918   0x08000918   0x0000001c   Code   RO          233    i.Delay_LCD         lcd.o
    0x08000934   0x08000934   0x00000004   Code   RO          445    i.Error_Handler     main.o
    0x08000938   0x08000938   0x00000002   Code   RO         1327    i.HAL_ADCEx_EndOfSamplingCallback  stm32g4xx_hal_adc_ex.o
    0x0800093a   0x0800093a   0x00000002   Code   RO         1330    i.HAL_ADCEx_InjectedConvCpltCallback  stm32g4xx_hal_adc_ex.o
    0x0800093c   0x0800093c   0x00000002   Code   RO         1333    i.HAL_ADCEx_InjectedQueueOverflowCallback  stm32g4xx_hal_adc_ex.o
    0x0800093e   0x0800093e   0x00000002   Code   RO         1338    i.HAL_ADCEx_LevelOutOfWindow2Callback  stm32g4xx_hal_adc_ex.o
    0x08000940   0x08000940   0x00000002   Code   RO         1339    i.HAL_ADCEx_LevelOutOfWindow3Callback  stm32g4xx_hal_adc_ex.o
    0x08000942   0x08000942   0x00000002   PAD
    0x08000944   0x08000944   0x000000ec   Code   RO         1340    i.HAL_ADCEx_MultiModeConfigChannel  stm32g4xx_hal_adc_ex.o
    0x08000a30   0x08000a30   0x00000510   Code   RO         1122    i.HAL_ADC_ConfigChannel  stm32g4xx_hal_adc.o
    0x08000f40   0x08000f40   0x00000002   Code   RO         1123    i.HAL_ADC_ConvCpltCallback  stm32g4xx_hal_adc.o
    0x08000f42   0x08000f42   0x00000002   Code   RO         1126    i.HAL_ADC_ErrorCallback  stm32g4xx_hal_adc.o
    0x08000f44   0x08000f44   0x00000006   Code   RO         1129    i.HAL_ADC_GetValue  stm32g4xx_hal_adc.o
    0x08000f4a   0x08000f4a   0x00000002   PAD
    0x08000f4c   0x08000f4c   0x000002d4   Code   RO         1130    i.HAL_ADC_IRQHandler  stm32g4xx_hal_adc.o
    0x08001220   0x08001220   0x00000210   Code   RO         1131    i.HAL_ADC_Init      stm32g4xx_hal_adc.o
    0x08001430   0x08001430   0x00000002   Code   RO         1132    i.HAL_ADC_LevelOutOfWindowCallback  stm32g4xx_hal_adc.o
    0x08001432   0x08001432   0x00000002   PAD
    0x08001434   0x08001434   0x0000006c   Code   RO          694    i.HAL_ADC_MspInit   adc.o
    0x080014a0   0x080014a0   0x00000104   Code   RO         1137    i.HAL_ADC_Start     stm32g4xx_hal_adc.o
    0x080015a4   0x080015a4   0x00000084   Code   RO         2403    i.HAL_DMA_Abort     stm32g4xx_hal_dma.o
    0x08001628   0x08001628   0x00000094   Code   RO         2404    i.HAL_DMA_Abort_IT  stm32g4xx_hal_dma.o
    0x080016bc   0x080016bc   0x00000028   Code   RO         1514    i.HAL_Delay         stm32g4xx_hal.o
    0x080016e4   0x080016e4   0x00000240   Code   RO         2265    i.HAL_GPIO_Init     stm32g4xx_hal_gpio.o
    0x08001924   0x08001924   0x0000000e   Code   RO         2267    i.HAL_GPIO_ReadPin  stm32g4xx_hal_gpio.o
    0x08001932   0x08001932   0x0000000c   Code   RO         2269    i.HAL_GPIO_WritePin  stm32g4xx_hal_gpio.o
    0x0800193e   0x0800193e   0x00000002   PAD
    0x08001940   0x08001940   0x0000000c   Code   RO         1518    i.HAL_GetTick       stm32g4xx_hal.o
    0x0800194c   0x0800194c   0x00000010   Code   RO         1521    i.HAL_IncTick       stm32g4xx_hal.o
    0x0800195c   0x0800195c   0x0000001e   Code   RO         1522    i.HAL_Init          stm32g4xx_hal.o
    0x0800197a   0x0800197a   0x00000002   PAD
    0x0800197c   0x0800197c   0x0000004c   Code   RO         1523    i.HAL_InitTick      stm32g4xx_hal.o
    0x080019c8   0x080019c8   0x00000038   Code   RO         1053    i.HAL_MspInit       stm32g4xx_hal_msp.o
    0x08001a00   0x08001a00   0x0000001c   Code   RO         2912    i.HAL_NVIC_EnableIRQ  stm32g4xx_hal_cortex.o
    0x08001a1c   0x08001a1c   0x00000068   Code   RO         2918    i.HAL_NVIC_SetPriority  stm32g4xx_hal_cortex.o
    0x08001a84   0x08001a84   0x00000024   Code   RO         2919    i.HAL_NVIC_SetPriorityGrouping  stm32g4xx_hal_cortex.o
    0x08001aa8   0x08001aa8   0x000000dc   Code   RO         2668    i.HAL_PWREx_ControlVoltageScaling  stm32g4xx_hal_pwr_ex.o
    0x08001b84   0x08001b84   0x00000010   Code   RO         2680    i.HAL_PWREx_DisableUCPDDeadBattery  stm32g4xx_hal_pwr_ex.o
    0x08001b94   0x08001b94   0x000002d8   Code   RO         1872    i.HAL_RCCEx_PeriphCLKConfig  stm32g4xx_hal_rcc_ex.o
    0x08001e6c   0x08001e6c   0x00000002   Code   RO         1741    i.HAL_RCC_CSSCallback  stm32g4xx_hal_rcc.o
    0x08001e6e   0x08001e6e   0x00000002   PAD
    0x08001e70   0x08001e70   0x00000204   Code   RO         1742    i.HAL_RCC_ClockConfig  stm32g4xx_hal_rcc.o
    0x08002074   0x08002074   0x00000010   Code   RO         1745    i.HAL_RCC_EnableCSS  stm32g4xx_hal_rcc.o
    0x08002084   0x08002084   0x0000000c   Code   RO         1748    i.HAL_RCC_GetHCLKFreq  stm32g4xx_hal_rcc.o
    0x08002090   0x08002090   0x00000024   Code   RO         1750    i.HAL_RCC_GetPCLK1Freq  stm32g4xx_hal_rcc.o
    0x080020b4   0x080020b4   0x00000024   Code   RO         1751    i.HAL_RCC_GetPCLK2Freq  stm32g4xx_hal_rcc.o
    0x080020d8   0x080020d8   0x00000078   Code   RO         1752    i.HAL_RCC_GetSysClockFreq  stm32g4xx_hal_rcc.o
    0x08002150   0x08002150   0x0000001c   Code   RO         1754    i.HAL_RCC_NMI_IRQHandler  stm32g4xx_hal_rcc.o
    0x0800216c   0x0800216c   0x00000524   Code   RO         1755    i.HAL_RCC_OscConfig  stm32g4xx_hal_rcc.o
    0x08002690   0x08002690   0x00000028   Code   RO         2923    i.HAL_SYSTICK_Config  stm32g4xx_hal_cortex.o
    0x080026b8   0x080026b8   0x00000002   Code   RO         3764    i.HAL_TIMEx_Break2Callback  stm32g4xx_hal_tim_ex.o
    0x080026ba   0x080026ba   0x00000002   Code   RO         3765    i.HAL_TIMEx_BreakCallback  stm32g4xx_hal_tim_ex.o
    0x080026bc   0x080026bc   0x00000002   Code   RO         3766    i.HAL_TIMEx_CommutCallback  stm32g4xx_hal_tim_ex.o
    0x080026be   0x080026be   0x00000002   Code   RO         3777    i.HAL_TIMEx_DirectionChangeCallback  stm32g4xx_hal_tim_ex.o
    0x080026c0   0x080026c0   0x00000002   Code   RO         3791    i.HAL_TIMEx_EncoderIndexCallback  stm32g4xx_hal_tim_ex.o
    0x080026c2   0x080026c2   0x00000002   Code   RO         3805    i.HAL_TIMEx_IndexErrorCallback  stm32g4xx_hal_tim_ex.o
    0x080026c4   0x080026c4   0x00000098   Code   RO         3806    i.HAL_TIMEx_MasterConfigSynchronization  stm32g4xx_hal_tim_ex.o
    0x0800275c   0x0800275c   0x00000002   Code   RO         3827    i.HAL_TIMEx_TransitionErrorCallback  stm32g4xx_hal_tim_ex.o
    0x0800275e   0x0800275e   0x00000064   Code   RO         3039    i.HAL_TIM_Base_Init  stm32g4xx_hal_tim.o
    0x080027c2   0x080027c2   0x00000002   PAD
    0x080027c4   0x080027c4   0x00000098   Code   RO          736    i.HAL_TIM_Base_MspInit  tim.o
    0x0800285c   0x0800285c   0x00000078   Code   RO         3042    i.HAL_TIM_Base_Start  stm32g4xx_hal_tim.o
    0x080028d4   0x080028d4   0x00000080   Code   RO         3044    i.HAL_TIM_Base_Start_IT  stm32g4xx_hal_tim.o
    0x08002954   0x08002954   0x00000108   Code   RO         3048    i.HAL_TIM_ConfigClockSource  stm32g4xx_hal_tim.o
    0x08002a5c   0x08002a5c   0x0000004c   Code   RO          446    i.HAL_TIM_IC_CaptureCallback  main.o
    0x08002aa8   0x08002aa8   0x000000b4   Code   RO         3075    i.HAL_TIM_IC_ConfigChannel  stm32g4xx_hal_tim.o
    0x08002b5c   0x08002b5c   0x00000064   Code   RO         3078    i.HAL_TIM_IC_Init   stm32g4xx_hal_tim.o
    0x08002bc0   0x08002bc0   0x00000002   Code   RO         3080    i.HAL_TIM_IC_MspInit  stm32g4xx_hal_tim.o
    0x08002bc2   0x08002bc2   0x00000002   PAD
    0x08002bc4   0x08002bc4   0x00000168   Code   RO         3083    i.HAL_TIM_IC_Start_IT  stm32g4xx_hal_tim.o
    0x08002d2c   0x08002d2c   0x000000c0   Code   RO         3086    i.HAL_TIM_IC_Stop_IT  stm32g4xx_hal_tim.o
    0x08002dec   0x08002dec   0x0000020a   Code   RO         3087    i.HAL_TIM_IRQHandler  stm32g4xx_hal_tim.o
    0x08002ff6   0x08002ff6   0x00000002   Code   RO         3090    i.HAL_TIM_OC_DelayElapsedCallback  stm32g4xx_hal_tim.o
    0x08002ff8   0x08002ff8   0x00000002   Code   RO         3117    i.HAL_TIM_PWM_PulseFinishedCallback  stm32g4xx_hal_tim.o
    0x08002ffa   0x08002ffa   0x00000002   PAD
    0x08002ffc   0x08002ffc   0x00000064   Code   RO          447    i.HAL_TIM_PeriodElapsedCallback  main.o
    0x08003060   0x08003060   0x0000002c   Code   RO         3127    i.HAL_TIM_ReadCapturedValue  stm32g4xx_hal_tim.o
    0x0800308c   0x0800308c   0x00000052   Code   RO         3128    i.HAL_TIM_SlaveConfigSynchro  stm32g4xx_hal_tim.o
    0x080030de   0x080030de   0x00000002   Code   RO         3130    i.HAL_TIM_TriggerCallback  stm32g4xx_hal_tim.o
    0x080030e0   0x080030e0   0x0000003e   Code   RO         4618    i.HAL_UARTEx_DisableFifoMode  stm32g4xx_hal_uart_ex.o
    0x0800311e   0x0800311e   0x00000002   Code   RO         4202    i.HAL_UARTEx_RxEventCallback  stm32g4xx_hal_uart.o
    0x08003120   0x08003120   0x00000002   Code   RO         4625    i.HAL_UARTEx_RxFifoFullCallback  stm32g4xx_hal_uart_ex.o
    0x08003122   0x08003122   0x0000004c   Code   RO         4626    i.HAL_UARTEx_SetRxFifoThreshold  stm32g4xx_hal_uart_ex.o
    0x0800316e   0x0800316e   0x0000004c   Code   RO         4627    i.HAL_UARTEx_SetTxFifoThreshold  stm32g4xx_hal_uart_ex.o
    0x080031ba   0x080031ba   0x00000002   Code   RO         4629    i.HAL_UARTEx_TxFifoEmptyCallback  stm32g4xx_hal_uart_ex.o
    0x080031bc   0x080031bc   0x00000002   Code   RO         4630    i.HAL_UARTEx_WakeupCallback  stm32g4xx_hal_uart_ex.o
    0x080031be   0x080031be   0x00000002   Code   RO         4218    i.HAL_UART_ErrorCallback  stm32g4xx_hal_uart.o
    0x080031c0   0x080031c0   0x000002e4   Code   RO         4221    i.HAL_UART_IRQHandler  stm32g4xx_hal_uart.o
    0x080034a4   0x080034a4   0x00000070   Code   RO         4222    i.HAL_UART_Init     stm32g4xx_hal_uart.o
    0x08003514   0x08003514   0x000000bc   Code   RO          888    i.HAL_UART_MspInit  usart.o
    0x080035d0   0x080035d0   0x00000050   Code   RO         4227    i.HAL_UART_Receive_IT  stm32g4xx_hal_uart.o
    0x08003620   0x08003620   0x00000002   Code   RO         4229    i.HAL_UART_RxCpltCallback  stm32g4xx_hal_uart.o
    0x08003622   0x08003622   0x000000d6   Code   RO         4231    i.HAL_UART_Transmit  stm32g4xx_hal_uart.o
    0x080036f8   0x080036f8   0x00000002   Code   RO         4234    i.HAL_UART_TxCpltCallback  stm32g4xx_hal_uart.o
    0x080036fa   0x080036fa   0x00000002   Code   RO          950    i.HardFault_Handler  stm32g4xx_it.o
    0x080036fc   0x080036fc   0x00000118   Code   RO          448    i.KEY_Proc          main.o
    0x08003814   0x08003814   0x00000040   Code   RO          654    i.KEY_Scan          gpio.o
    0x08003854   0x08003854   0x0000002c   Code   RO          234    i.LCD_BusIn         lcd.o
    0x08003880   0x08003880   0x00000030   Code   RO          235    i.LCD_BusOut        lcd.o
    0x080038b0   0x080038b0   0x00000024   Code   RO          236    i.LCD_Clear         lcd.o
    0x080038d4   0x080038d4   0x00000090   Code   RO          238    i.LCD_CtrlLinesConfig  lcd.o
    0x08003964   0x08003964   0x00000018   Code   RO          239    i.LCD_DisplayChar   lcd.o
    0x0800397c   0x0800397c   0x0000002a   Code   RO          242    i.LCD_DisplayStringLine  lcd.o
    0x080039a6   0x080039a6   0x00000002   PAD
    0x080039a8   0x080039a8   0x00000058   Code   RO          243    i.LCD_DrawChar      lcd.o
    0x08003a00   0x08003a00   0x00000034   Code   RO          249    i.LCD_Init          lcd.o
    0x08003a34   0x08003a34   0x00000134   Code   RO          449    i.LCD_Proc          main.o
    0x08003b68   0x08003b68   0x00000080   Code   RO          252    i.LCD_ReadReg       lcd.o
    0x08003be8   0x08003be8   0x00000010   Code   RO          253    i.LCD_SetBackColor  lcd.o
    0x08003bf8   0x08003bf8   0x00000018   Code   RO          254    i.LCD_SetCursor     lcd.o
    0x08003c10   0x08003c10   0x00000010   Code   RO          256    i.LCD_SetTextColor  lcd.o
    0x08003c20   0x08003c20   0x00000058   Code   RO          259    i.LCD_WriteRAM      lcd.o
    0x08003c78   0x08003c78   0x0000005c   Code   RO          260    i.LCD_WriteRAM_Prepare  lcd.o
    0x08003cd4   0x08003cd4   0x0000006c   Code   RO          261    i.LCD_WriteReg      lcd.o
    0x08003d40   0x08003d40   0x00000054   Code   RO          655    i.LED_Disp          gpio.o
    0x08003d94   0x08003d94   0x00000094   Code   RO          695    i.MX_ADC1_Init      adc.o
    0x08003e28   0x08003e28   0x000000d4   Code   RO          656    i.MX_GPIO_Init      gpio.o
    0x08003efc   0x08003efc   0x000000cc   Code   RO          737    i.MX_TIM2_Init      tim.o
    0x08003fc8   0x08003fc8   0x00000068   Code   RO          738    i.MX_TIM4_Init      tim.o
    0x08004030   0x08004030   0x00000068   Code   RO          889    i.MX_USART1_UART_Init  usart.o
    0x08004098   0x08004098   0x00000068   Code   RO          890    i.MX_USART2_UART_Init  usart.o
    0x08004100   0x08004100   0x00000002   Code   RO          951    i.MemManage_Handler  stm32g4xx_it.o
    0x08004102   0x08004102   0x00000006   Code   RO          952    i.NMI_Handler       stm32g4xx_it.o
    0x08004108   0x08004108   0x00000002   Code   RO          953    i.PendSV_Handler    stm32g4xx_it.o
    0x0800410a   0x0800410a   0x00000002   PAD
    0x0800410c   0x0800410c   0x00000050   Code   RO         1756    i.RCC_GetSysClockFreqFromPLLSource  stm32g4xx_hal_rcc.o
    0x0800415c   0x0800415c   0x00000112   Code   RO          262    i.REG_8230_Init     lcd.o
    0x0800426e   0x0800426e   0x00000202   Code   RO          263    i.REG_932X_Init     lcd.o
    0x08004470   0x08004470   0x00000002   Code   RO          954    i.SVC_Handler       stm32g4xx_it.o
    0x08004472   0x08004472   0x00000004   Code   RO          955    i.SysTick_Handler   stm32g4xx_it.o
    0x08004476   0x08004476   0x0000008c   Code   RO          450    i.SystemClock_Config  main.o
    0x08004502   0x08004502   0x00000002   PAD
    0x08004504   0x08004504   0x00000010   Code   RO         1078    i.SystemInit        system_stm32g4xx.o
    0x08004514   0x08004514   0x0000000c   Code   RO          956    i.TIM2_IRQHandler   stm32g4xx_it.o
    0x08004520   0x08004520   0x0000000c   Code   RO          957    i.TIM4_IRQHandler   stm32g4xx_it.o
    0x0800452c   0x0800452c   0x000000b0   Code   RO         3132    i.TIM_Base_SetConfig  stm32g4xx_hal_tim.o
    0x080045dc   0x080045dc   0x0000001e   Code   RO         3133    i.TIM_CCxChannelCmd  stm32g4xx_hal_tim.o
    0x080045fa   0x080045fa   0x00000016   Code   RO         3143    i.TIM_ETR_SetConfig  stm32g4xx_hal_tim.o
    0x08004610   0x08004610   0x00000014   Code   RO         3144    i.TIM_ITRx_SetConfig  stm32g4xx_hal_tim.o
    0x08004624   0x08004624   0x000000c0   Code   RO         3151    i.TIM_SlaveTimer_SetConfig  stm32g4xx_hal_tim.o
    0x080046e4   0x080046e4   0x00000026   Code   RO         3152    i.TIM_TI1_ConfigInputStage  stm32g4xx_hal_tim.o
    0x0800470a   0x0800470a   0x0000007a   Code   RO         3153    i.TIM_TI1_SetConfig  stm32g4xx_hal_tim.o
    0x08004784   0x08004784   0x00000024   Code   RO         3154    i.TIM_TI2_ConfigInputStage  stm32g4xx_hal_tim.o
    0x080047a8   0x080047a8   0x00000040   Code   RO         3155    i.TIM_TI2_SetConfig  stm32g4xx_hal_tim.o
    0x080047e8   0x080047e8   0x0000003c   Code   RO         3156    i.TIM_TI3_SetConfig  stm32g4xx_hal_tim.o
    0x08004824   0x08004824   0x00000040   Code   RO         3157    i.TIM_TI4_SetConfig  stm32g4xx_hal_tim.o
    0x08004864   0x08004864   0x00000054   Code   RO         4631    i.UARTEx_SetNbDataToProcess  stm32g4xx_hal_uart_ex.o
    0x080048b8   0x080048b8   0x000000d8   Code   RO         4236    i.UART_AdvFeatureConfig  stm32g4xx_hal_uart.o
    0x08004990   0x08004990   0x00000068   Code   RO         4237    i.UART_CheckIdleState  stm32g4xx_hal_uart.o
    0x080049f8   0x080049f8   0x00000014   Code   RO         4238    i.UART_DMAAbortOnError  stm32g4xx_hal_uart.o
    0x08004a0c   0x08004a0c   0x00000036   Code   RO         4248    i.UART_EndRxTransfer  stm32g4xx_hal_uart.o
    0x08004a42   0x08004a42   0x0000001c   Code   RO         4249    i.UART_EndTransmit_IT  stm32g4xx_hal_uart.o
    0x08004a5e   0x08004a5e   0x00000080   Code   RO         4251    i.UART_RxISR_16BIT  stm32g4xx_hal_uart.o
    0x08004ade   0x08004ade   0x00000002   PAD
    0x08004ae0   0x08004ae0   0x00000148   Code   RO         4252    i.UART_RxISR_16BIT_FIFOEN  stm32g4xx_hal_uart.o
    0x08004c28   0x08004c28   0x00000080   Code   RO         4253    i.UART_RxISR_8BIT   stm32g4xx_hal_uart.o
    0x08004ca8   0x08004ca8   0x00000148   Code   RO         4254    i.UART_RxISR_8BIT_FIFOEN  stm32g4xx_hal_uart.o
    0x08004df0   0x08004df0   0x000002e0   Code   RO         4255    i.UART_SetConfig    stm32g4xx_hal_uart.o
    0x080050d0   0x080050d0   0x000000f4   Code   RO         4257    i.UART_Start_Receive_IT  stm32g4xx_hal_uart.o
    0x080051c4   0x080051c4   0x000000c2   Code   RO         4262    i.UART_WaitOnFlagUntilTimeout  stm32g4xx_hal_uart.o
    0x08005286   0x08005286   0x00000002   PAD
    0x08005288   0x08005288   0x0000000c   Code   RO          958    i.USART1_IRQHandler  stm32g4xx_it.o
    0x08005294   0x08005294   0x0000000c   Code   RO          959    i.USART2_IRQHandler  stm32g4xx_it.o
    0x080052a0   0x080052a0   0x00000002   Code   RO          960    i.UsageFault_Handler  stm32g4xx_it.o
    0x080052a2   0x080052a2   0x00000002   PAD
    0x080052a4   0x080052a4   0x00000028   Code   RO         4976    i.__0sprintf        mc_w.l(printfa.o)
    0x080052cc   0x080052cc   0x0000000e   Code   RO         5052    i.__scatterload_copy  mc_w.l(handlers.o)
    0x080052da   0x080052da   0x00000002   Code   RO         5053    i.__scatterload_null  mc_w.l(handlers.o)
    0x080052dc   0x080052dc   0x0000000e   Code   RO         5054    i.__scatterload_zeroinit  mc_w.l(handlers.o)
    0x080052ea   0x080052ea   0x00000002   PAD
    0x080052ec   0x080052ec   0x00000184   Code   RO         4981    i._fp_digits        mc_w.l(printfa.o)
    0x08005470   0x08005470   0x000006b4   Code   RO         4982    i._printf_core      mc_w.l(printfa.o)
    0x08005b24   0x08005b24   0x00000024   Code   RO         4983    i._printf_post_padding  mc_w.l(printfa.o)
    0x08005b48   0x08005b48   0x0000002e   Code   RO         4984    i._printf_pre_padding  mc_w.l(printfa.o)
    0x08005b76   0x08005b76   0x0000000a   Code   RO         4986    i._sputc            mc_w.l(printfa.o)
    0x08005b80   0x08005b80   0x00000028   Code   RO          451    i.get_ADC           main.o
    0x08005ba8   0x08005ba8   0x00000168   Code   RO          452    i.main              main.o
    0x08005d10   0x08005d10   0x000011d0   Data   RO          264    .constdata          lcd.o
    0x08006ee0   0x08006ee0   0x00000010   Data   RO         1079    .constdata          system_stm32g4xx.o
    0x08006ef0   0x08006ef0   0x00000008   Data   RO         1080    .constdata          system_stm32g4xx.o
    0x08006ef8   0x08006ef8   0x00000018   Data   RO         4263    .constdata          stm32g4xx_hal_uart.o
    0x08006f10   0x08006f10   0x00000010   Data   RO         4633    .constdata          stm32g4xx_hal_uart_ex.o
    0x08006f20   0x08006f20   0x00000020   Data   RO         5050    Region$$Table       anon$$obj.o


    Execution Region RW_IRAM1 (Exec base: 0x20000000, Load base: 0x08006f40, Size: 0x000006b0, Max: 0x00008000, ABSOLUTE)

    Exec Addr    Load Addr    Size         Type   Attr      Idx    E Section Name        Object

    0x20000000   0x08006f40   0x00000006   Data   RW          265    .data               lcd.o
    0x20000006   0x08006f46   0x00000002   PAD
    0x20000008   0x08006f48   0x00000030   Data   RW          454    .data               main.o
    0x20000038   0x08006f78   0x00000004   Data   RW         1081    .data               system_stm32g4xx.o
    0x2000003c   0x08006f7c   0x0000000c   Data   RW         1542    .data               stm32g4xx_hal.o
    0x20000048        -       0x0000003d   Zero   RW          453    .bss                main.o
    0x20000085   0x08006f88   0x00000003   PAD
    0x20000088        -       0x0000006c   Zero   RW          696    .bss                adc.o
    0x200000f4        -       0x00000098   Zero   RW          739    .bss                tim.o
    0x2000018c        -       0x00000120   Zero   RW          893    .bss                usart.o
    0x200002ac   0x08006f88   0x00000004   PAD
    0x200002b0        -       0x00000400   Zero   RW            1    STACK               startup_stm32g431xx.o


==============================================================================

Image component sizes


      Code (inc. data)   RO Data    RW Data    ZI Data      Debug   Object Name

       256         20          0          0        108       1841   adc.o
       360         30          0          0          0       2177   gpio.o
         0          0          0          0          0     669881   i2c_hal.o
      1766         76       4560          6          0      13730   lcd.o
      1308        304          0         48         61     593168   main.o
        36          8        472          0       1024        856   startup_stm32g431xx.o
       174         24          0         12          0       4485   stm32g4xx_hal.o
      2976         74          0          0          0      79886   stm32g4xx_hal_adc.o
       246         10          0          0          0      70592   stm32g4xx_hal_adc_ex.o
       208         16          0          0          0      33663   stm32g4xx_hal_cortex.o
       280          0          0          0          0       1831   stm32g4xx_hal_dma.o
       602         20          0          0          0       3303   stm32g4xx_hal_gpio.o
        56          6          0          0          0        890   stm32g4xx_hal_msp.o
       236         18          0          0          0       1513   stm32g4xx_hal_pwr_ex.o
      2162        108          0          0          0       9891   stm32g4xx_hal_rcc.o
       728          8          0          0          0       2008   stm32g4xx_hal_rcc_ex.o
      2924         62          0          0          0      21753   stm32g4xx_hal_tim.o
       166         10          0          0          0       5808   stm32g4xx_hal_tim_ex.o
      3662         80         24          0          0      37240   stm32g4xx_hal_uart.o
       304          4         16          0          0       5670   stm32g4xx_hal_uart_ex.o
        84         30          0          0          0       7398   stm32g4xx_it.o
        16          4         24          4          0       1175   system_stm32g4xx.o
       460         24          0          0        152     512151   tim.o
       396         32          0          0        288       2619   usart.o

    ----------------------------------------------------------------------
     19436        968       5128         72       1640    2083529   Object Totals
         0          0         32          0          0          0   (incl. Generated)
        30          0          0          2          7          0   (incl. Padding)

    ----------------------------------------------------------------------

      Code (inc. data)   RO Data    RW Data    ZI Data      Debug   Library Member Name

         0          0          0          0          0          0   entry.o
         0          0          0          0          0          0   entry10a.o
         0          0          0          0          0          0   entry11a.o
         4          0          0          0          0          0   entry12b.o
         8          4          0          0          0          0   entry2.o
         4          0          0          0          0          0   entry5.o
         0          0          0          0          0          0   entry7b.o
         0          0          0          0          0          0   entry8b.o
         8          4          0          0          0          0   entry9a.o
        30          0          0          0          0          0   handlers.o
        36          8          0          0          0         68   init.o
         0          0          0          0          0          0   iusefp.o
        30          0          0          0          0         68   llshl.o
        36          0          0          0          0         68   llsshr.o
        32          0          0          0          0         68   llushr.o
        36          0          0          0          0        108   memseta.o
      2236         86          0          0          0        532   printfa.o
        14          0          0          0          0         68   strlen.o
        44          0          0          0          0         80   uidiv.o
        98          0          0          0          0         92   uldiv.o
        48          0          0          0          0         68   cdrcmple.o
        56          0          0          0          0         88   d2f.o
       334          0          0          0          0        148   dadd.o
       222          0          0          0          0        100   ddiv.o
       186          0          0          0          0        176   depilogue.o
        48          0          0          0          0         68   dfixul.o
        26          0          0          0          0         76   dfltui.o
       228          0          0          0          0         96   dmul.o
        38          0          0          0          0         68   f2d.o
       110          0          0          0          0        168   fepilogue.o

    ----------------------------------------------------------------------
      3916        102          0          0          0       2208   Library Totals
         4          0          0          0          0          0   (incl. Padding)

    ----------------------------------------------------------------------

      Code (inc. data)   RO Data    RW Data    ZI Data      Debug   Library Name

      2616        102          0          0          0       1152   mc_w.l
      1296          0          0          0          0       1056   mf_w.l

    ----------------------------------------------------------------------
      3916        102          0          0          0       2208   Library Totals

    ----------------------------------------------------------------------

==============================================================================


      Code (inc. data)   RO Data    RW Data    ZI Data      Debug   

     23352       1070       5128         72       1640    2070149   Grand Totals
     23352       1070       5128         72       1640    2070149   ELF Image Totals
     23352       1070       5128         72          0          0   ROM Totals

==============================================================================

    Total RO  Size (Code + RO Data)                28480 (  27.81kB)
    Total RW  Size (RW Data + ZI Data)              1712 (   1.67kB)
    Total ROM Size (Code + RO Data + RW Data)      28552 (  27.88kB)

==============================================================================

